Component: Arm Compiler for Embedded 6.22 Tool: armlink [5ee90200]

==============================================================================

Section Cross References

    startup_stm32f407xx.o(STACK) refers (Special) to heapauxi.o(.text) for __use_two_region_memory
    startup_stm32f407xx.o(HEAP) refers (Special) to heapauxi.o(.text) for __use_two_region_memory
    startup_stm32f407xx.o(RESET) refers (Special) to heapauxi.o(.text) for __use_two_region_memory
    startup_stm32f407xx.o(RESET) refers to startup_stm32f407xx.o(STACK) for __initial_sp
    startup_stm32f407xx.o(RESET) refers to startup_stm32f407xx.o(.text) for Reset_Handler
    startup_stm32f407xx.o(RESET) refers to stm32f4xx_it.o(.text.NMI_Handler) for NMI_Handler
    startup_stm32f407xx.o(RESET) refers to stm32f4xx_it.o(.text.HardFault_Handler) for HardFault_Handler
    startup_stm32f407xx.o(RESET) refers to stm32f4xx_it.o(.text.MemManage_Handler) for MemManage_Handler
    startup_stm32f407xx.o(RESET) refers to stm32f4xx_it.o(.text.BusFault_Handler) for BusFault_Handler
    startup_stm32f407xx.o(RESET) refers to stm32f4xx_it.o(.text.UsageFault_Handler) for UsageFault_Handler
    startup_stm32f407xx.o(RESET) refers to stm32f4xx_it.o(.text.SVC_Handler) for SVC_Handler
    startup_stm32f407xx.o(RESET) refers to stm32f4xx_it.o(.text.DebugMon_Handler) for DebugMon_Handler
    startup_stm32f407xx.o(RESET) refers to stm32f4xx_it.o(.text.PendSV_Handler) for PendSV_Handler
    startup_stm32f407xx.o(RESET) refers to main.o(.text.SysTick_Handler) for SysTick_Handler
    startup_stm32f407xx.o(RESET) refers to stm32f4xx_it.o(.text.CAN1_TX_IRQHandler) for CAN1_TX_IRQHandler
    startup_stm32f407xx.o(RESET) refers to stm32f4xx_it.o(.text.CAN1_RX0_IRQHandler) for CAN1_RX0_IRQHandler
    startup_stm32f407xx.o(RESET) refers to stm32f4xx_it.o(.text.DMA2_Stream1_IRQHandler) for DMA2_Stream1_IRQHandler
    startup_stm32f407xx.o(RESET) refers to stm32f4xx_it.o(.text.CAN2_TX_IRQHandler) for CAN2_TX_IRQHandler
    startup_stm32f407xx.o(RESET) refers to stm32f4xx_it.o(.text.CAN2_RX0_IRQHandler) for CAN2_RX0_IRQHandler
    startup_stm32f407xx.o(RESET) refers to stm32f4xx_it.o(.text.DMA2_Stream6_IRQHandler) for DMA2_Stream6_IRQHandler
    startup_stm32f407xx.o(RESET) refers to bsp_usart.o(.text.USART6_IRQHandler) for USART6_IRQHandler
    startup_stm32f407xx.o(.text) refers (Special) to heapauxi.o(.text) for __use_two_region_memory
    startup_stm32f407xx.o(.text) refers to system_stm32f4xx.o(.text.SystemInit) for SystemInit
    startup_stm32f407xx.o(.text) refers to __main.o(!!!main) for __main
    startup_stm32f407xx.o(.text) refers to startup_stm32f407xx.o(HEAP) for Heap_Mem
    startup_stm32f407xx.o(.text) refers to startup_stm32f407xx.o(STACK) for Stack_Mem
    main.o(.text.__cxx_global_var_init) refers to main.o(.text._ZN15DJIMotorHandler8InstanceEv) for DJIMotorHandler::Instance()
    main.o(.text.__cxx_global_var_init) refers to main.o(.bss.DJImotorHandler) for DJImotorHandler
    main.o(.ARM.exidx.text.__cxx_global_var_init) refers to main.o(.text.__cxx_global_var_init) for [Anonymous Symbol]
    main.o(.text.__cxx_global_var_init.1) refers to main.o(.text._ZN17ChassisController8InstanceEv) for ChassisController::Instance()
    main.o(.text.__cxx_global_var_init.1) refers to main.o(.bss.chassisController) for chassisController
    main.o(.ARM.exidx.text.__cxx_global_var_init.1) refers to main.o(.text.__cxx_global_var_init.1) for [Anonymous Symbol]
    main.o(.text.__cxx_global_var_init.2) refers to main.o(.text._ZN8MaixComm8InstanceEv) for MaixComm::Instance()
    main.o(.text.__cxx_global_var_init.2) refers to main.o(.bss.maixcomm) for maixcomm
    main.o(.ARM.exidx.text.__cxx_global_var_init.2) refers to main.o(.text.__cxx_global_var_init.2) for [Anonymous Symbol]
    main.o(.text.__cxx_global_var_init.3) refers to main.o(.text._ZN12SteeringGear8InstanceEv) for SteeringGear::Instance()
    main.o(.text.__cxx_global_var_init.3) refers to main.o(.bss.steeringgear) for steeringgear
    main.o(.ARM.exidx.text.__cxx_global_var_init.3) refers to main.o(.text.__cxx_global_var_init.3) for [Anonymous Symbol]
    main.o(.text._Z15EnableSystickITv) refers to stm32f4xx_hal_cortex.o(.text.HAL_SYSTICK_CLKSourceConfig) for HAL_SYSTICK_CLKSourceConfig
    main.o(.text._Z15EnableSystickITv) refers to system_stm32f4xx.o(.data.SystemCoreClock) for SystemCoreClock
    main.o(.ARM.exidx.text._Z15EnableSystickITv) refers to main.o(.text._Z15EnableSystickITv) for [Anonymous Symbol]
    main.o(.text.SysTick_Handler) refers to stm32f4xx_hal.o(.text.HAL_IncTick) for HAL_IncTick
    main.o(.text.SysTick_Handler) refers to main.o(.bss.maixcomm) for maixcomm
    main.o(.text.SysTick_Handler) refers to maixcomm.o(.text._ZN8MaixComm6UpdateEv) for MaixComm::Update()
    main.o(.text.SysTick_Handler) refers to main.o(.bss.chassisController) for chassisController
[...]
    DMA2_Stream4_IRQHandler                  0x0800027f   Thumb Code     0  startup_stm32f407xx.o(.text)
    DMA2_Stream5_IRQHandler                  0x0800027f   Thumb Code     0  startup_stm32f407xx.o(.text)
    DMA2_Stream7_IRQHandler                  0x0800027f   Thumb Code     0  startup_stm32f407xx.o(.text)
    ETH_IRQHandler                           0x0800027f   Thumb Code     0  startup_stm32f407xx.o(.text)
    ETH_WKUP_IRQHandler                      0x0800027f   Thumb Code     0  startup_stm32f407xx.o(.text)
    EXTI0_IRQHandler                         0x0800027f   Thumb Code     0  startup_stm32f407xx.o(.text)
    EXTI15_10_IRQHandler                     0x0800027f   Thumb Code     0  startup_stm32f407xx.o(.text)
    EXTI1_IRQHandler                         0x0800027f   Thumb Code     0  startup_stm32f407xx.o(.text)
    EXTI2_IRQHandler                         0x0800027f   Thumb Code     0  startup_stm32f407xx.o(.text)
    EXTI3_IRQHandler                         0x0800027f   Thumb Code     0  startup_stm32f407xx.o(.text)
    EXTI4_IRQHandler                         0x0800027f   Thumb Code     0  startup_stm32f407xx.o(.text)
    EXTI9_5_IRQHandler                       0x0800027f   Thumb Code     0  startup_stm32f407xx.o(.text)
    FLASH_IRQHandler                         0x0800027f   Thumb Code     0  startup_stm32f407xx.o(.text)
    FMC_IRQHandler                           0x0800027f   Thumb Code     0  startup_stm32f407xx.o(.text)
    FPU_IRQHandler                           0x0800027f   Thumb Code     0  startup_stm32f407xx.o(.text)
    HASH_RNG_IRQHandler                      0x0800027f   Thumb Code     0  startup_stm32f407xx.o(.text)
    I2C1_ER_IRQHandler                       0x0800027f   Thumb Code     0  startup_stm32f407xx.o(.text)
    I2C1_EV_IRQHandler                       0x0800027f   Thumb Code     0  startup_stm32f407xx.o(.text)
    I2C2_ER_IRQHandler                       0x0800027f   Thumb Code     0  startup_stm32f407xx.o(.text)
    I2C2_EV_IRQHandler                       0x0800027f   Thumb Code     0  startup_stm32f407xx.o(.text)
    I2C3_ER_IRQHandler                       0x0800027f   Thumb Code     0  startup_stm32f407xx.o(.text)
    I2C3_EV_IRQHandler                       0x0800027f   Thumb Code     0  startup_stm32f407xx.o(.text)
    OTG_FS_IRQHandler                        0x0800027f   Thumb Code     0  startup_stm32f407xx.o(.text)
    OTG_FS_WKUP_IRQHandler                   0x0800027f   Thumb Code     0  startup_stm32f407xx.o(.text)
    OTG_HS_EP1_IN_IRQHandler                 0x0800027f   Thumb Code     0  startup_stm32f407xx.o(.text)
    OTG_HS_EP1_OUT_IRQHandler                0x0800027f   Thumb Code     0  startup_stm32f407xx.o(.text)
    OTG_HS_IRQHandler                        0x0800027f   Thumb Code     0  startup_stm32f407xx.o(.text)
    OTG_HS_WKUP_IRQHandler                   0x0800027f   Thumb Code     0  startup_stm32f407xx.o(.text)
    PVD_IRQHandler                           0x0800027f   Thumb Code     0  startup_stm32f407xx.o(.text)
    RCC_IRQHandler                           0x0800027f   Thumb Code     0  startup_stm32f407xx.o(.text)
    RTC_Alarm_IRQHandler                     0x0800027f   Thumb Code     0  startup_stm32f407xx.o(.text)
    RTC_WKUP_IRQHandler                      0x0800027f   Thumb Code     0  startup_stm32f407xx.o(.text)
    SDIO_IRQHandler                          0x0800027f   Thumb Code     0  startup_stm32f407xx.o(.text)
    SPI1_IRQHandler                          0x0800027f   Thumb Code     0  startup_stm32f407xx.o(.text)
    SPI2_IRQHandler                          0x0800027f   Thumb Code     0  startup_stm32f407xx.o(.text)
    SPI3_IRQHandler                          0x0800027f   Thumb Code     0  startup_stm32f407xx.o(.text)
    TAMP_STAMP_IRQHandler                    0x0800027f   Thumb Code     0  startup_stm32f407xx.o(.text)
    TIM1_BRK_TIM9_IRQHandler                 0x0800027f   Thumb Code     0  startup_stm32f407xx.o(.text)
    TIM1_CC_IRQHandler                       0x0800027f   Thumb Code     0  startup_stm32f407xx.o(.text)
    TIM1_TRG_COM_TIM11_IRQHandler            0x0800027f   Thumb Code     0  startup_stm32f407xx.o(.text)
    TIM1_UP_TIM10_IRQHandler                 0x0800027f   Thumb Code     0  startup_stm32f407xx.o(.text)
    TIM2_IRQHandler                          0x0800027f   Thumb Code     0  startup_stm32f407xx.o(.text)
    TIM3_IRQHandler                          0x0800027f   Thumb Code     0  startup_stm32f407xx.o(.text)
    TIM4_IRQHandler                          0x0800027f   Thumb Code     0  startup_stm32f407xx.o(.text)
    TIM5_IRQHandler                          0x0800027f   Thumb Code     0  startup_stm32f407xx.o(.text)
    TIM6_DAC_IRQHandler                      0x0800027f   Thumb Code     0  startup_stm32f407xx.o(.text)
    TIM7_IRQHandler                          0x0800027f   Thumb Code     0  startup_stm32f407xx.o(.text)
    TIM8_BRK_TIM12_IRQHandler                0x0800027f   Thumb Code     0  startup_stm32f407xx.o(.text)
    TIM8_CC_IRQHandler                       0x0800027f   Thumb Code     0  startup_stm32f407xx.o(.text)
    TIM8_TRG_COM_TIM14_IRQHandler            0x0800027f   Thumb Code     0  startup_stm32f407xx.o(.text)
    TIM8_UP_TIM13_IRQHandler                 0x0800027f   Thumb Code     0  startup_stm32f407xx.o(.text)
    UART4_IRQHandler                         0x0800027f   Thumb Code     0  startup_stm32f407xx.o(.text)
    UART5_IRQHandler                         0x0800027f   Thumb Code     0  startup_stm32f407xx.o(.text)
    USART1_IRQHandler                        0x0800027f   Thumb Code     0  startup_stm32f407xx.o(.text)
    USART2_IRQHandler                        0x0800027f   Thumb Code     0  startup_stm32f407xx.o(.text)
    USART3_IRQHandler                        0x0800027f   Thumb Code     0  startup_stm32f407xx.o(.text)
    WWDG_IRQHandler                          0x0800027f   Thumb Code     0  startup_stm32f407xx.o(.text)
    __user_initial_stackheap                 0x08000281   Thumb Code     0  startup_stm32f407xx.o(.text)
    malloc                                   0x080002a5   Thumb Code    94  h1_alloc.o(.text)
    __aeabi_uldivmod                         0x08000303   Thumb Code     0  lludivv7m.o(.text)
    _ll_udiv                                 0x08000303   Thumb Code   240  lludivv7m.o(.text)
    __cxa_atexit                             0x080003f3   Thumb Code    10  cxa_atexit.o(.text)
    __aeabi_memcpy4                          0x080003fd   Thumb Code     0  rt_memcpy_w.o(.text)
    __aeabi_memcpy8                          0x080003fd   Thumb Code     0  rt_memcpy_w.o(.text)
    __rt_memcpy_w                            0x080003fd   Thumb Code   100  rt_memcpy_w.o(.text)
    _memcpy_lastbytes_aligned                0x08000445   Thumb Code     0  rt_memcpy_w.o(.text)
    __aeabi_memclr4                          0x08000461   Thumb Code     0  rt_memclr_w.o(.text)
    __aeabi_memclr8                          0x08000461   Thumb Code     0  rt_memclr_w.o(.text)
    __rt_memclr_w                            0x08000461   Thumb Code     0  rt_memclr_w.o(.text)
    _memset_w                                0x08000465   Thumb Code    74  rt_memclr_w.o(.text)
    __use_two_region_memory                  0x080004af   Thumb Code     2  heapauxi.o(.text)
    __rt_heap_escrow                         0x080004b1   Thumb Code     2  heapauxi.o(.text)
    __rt_heap_expand                         0x080004b3   Thumb Code     2  heapauxi.o(.text)
    __cpp_initialize__aeabi_                 0x080004b5   Thumb Code    36  init_aeabi.o(.text)
    __rt_heap_descriptor                     0x080004e1   Thumb Code     8  rt_heap_descriptor_intlibspace.o(.text)
    __use_no_heap                            0x080004e9   Thumb Code     2  hguard.o(.text)
    __heap$guard                             0x080004eb   Thumb Code     2  hguard.o(.text)
    _terminate_user_alloc                    0x080004ed   Thumb Code     2  init_alloc.o(.text)
    _init_user_alloc                         0x080004ef   Thumb Code     2  init_alloc.o(.text)
    __Heap_Full                              0x080004f1   Thumb Code    34  init_alloc.o(.text)
    __Heap_Broken                            0x08000513   Thumb Code     6  init_alloc.o(.text)
    _init_alloc                              0x08000519   Thumb Code    94  init_alloc.o(.text)
    __Heap_Initialize                        0x08000577   Thumb Code     8  h1_init.o(.text)
    __Heap_DescSize                          0x0800057f   Thumb Code     4  h1_init.o(.text)
    free                                     0x08000583   Thumb Code    78  h1_free.o(.text)
    __aeabi_atexit                           0x080005d1   Thumb Code    46  aeabi_atexit.o(.text)
    __user_libspace                          0x08000601   Thumb Code     8  libspace.o(.text)
    __user_perproc_libspace                  0x08000601   Thumb Code     0  libspace.o(.text)
    __user_perthread_libspace                0x08000601   Thumb Code     0  libspace.o(.text)
    __rt_ddtor_pointer_addr                  0x08000609   Thumb Code     8  rt_ddtor_pointer_addr_intlibspace.o(.text)
    __Heap_ProvideMemory                     0x08000611   Thumb Code    52  h1_extend.o(.text)
    _maybe_terminate_alloc                   0x08000611   Thumb Code     0  maybetermalloc1.o(.text)
    abort                                    0x08000645   Thumb Code    22  abort.o(.text)
    __cxa_finalize                           0x0800065b   Thumb Code    66  cxa_finalize.o(.text)
    __rt_SIGRTMEM                            0x0800069d   Thumb Code    14  defsig_rtmem_outer.o(.text)
    _sys_exit                                0x080006ad   Thumb Code     8  sys_exit.o(.text)
    __I$use$semihosting                      0x080006b9   Thumb Code     0  use_no_semi.o(.text)
    __use_no_semihosting_swi                 0x080006b9   Thumb Code     2  use_no_semi.o(.text)
    __semihosting_library_function           0x080006bb   Thumb Code     0  indicate_semi.o(.text)
    __user_setup_stackheap                   0x080006bb   Thumb Code    74  sys_stackheap_outer.o(.text)
    exit                                     0x08000705   Thumb Code    18  exit.o(.text)
    __sig_exit                               0x08000717   Thumb Code    10  defsig_exit.o(.text)
    __rt_SIGABRT                             0x08000721   Thumb Code    14  defsig_abrt_outer.o(.text)
    __rt_SIGRTMEM_inner                      0x08000731   Thumb Code    22  defsig_rtmem_inner.o(.text)
    __default_signal_display                 0x08000781   Thumb Code    50  defsig_general.o(.text)
    __rt_SIGABRT_inner                       0x080007b5   Thumb Code    14  defsig_abrt_inner.o(.text)
    _ttywrch                                 0x080007e5   Thumb Code    14  sys_wrch.o(.text)
    BusFault_Handler                         0x080007f5   Thumb Code     4  stm32f4xx_it.o(.text.BusFault_Handler)
    CAN1_RX0_IRQHandler                      0x080007f9   Thumb Code    16  stm32f4xx_it.o(.text.CAN1_RX0_IRQHandler)
    CAN1_TX_IRQHandler                       0x08000809   Thumb Code    16  stm32f4xx_it.o(.text.CAN1_TX_IRQHandler)
    CAN2_RX0_IRQHandler                      0x08000819   Thumb Code    16  stm32f4xx_it.o(.text.CAN2_RX0_IRQHandler)
    CAN2_TX_IRQHandler                       0x08000829   Thumb Code    16  stm32f4xx_it.o(.text.CAN2_TX_IRQHandler)
    DMA2_Stream1_IRQHandler                  0x08000839   Thumb Code    16  stm32f4xx_it.o(.text.DMA2_Stream1_IRQHandler)
    DMA2_Stream6_IRQHandler                  0x08000849   Thumb Code    16  stm32f4xx_it.o(.text.DMA2_Stream6_IRQHandler)
    DebugMon_Handler                         0x080009a1   Thumb Code     2  stm32f4xx_it.o(.text.DebugMon_Handler)
    Error_Handler                            0x080009a5   Thumb Code     6  main.o(.text.Error_Handler)
    HAL_CAN_ActivateNotification             0x080009ad   Thumb Code    82  stm32f4xx_hal_can.o(.text.HAL_CAN_ActivateNotification)
    HAL_CAN_AddTxMessage                     0x08000a01   Thumb Code   342  stm32f4xx_hal_can.o(.text.HAL_CAN_AddTxMessage)
    HAL_CAN_ConfigFilter                     0x08000b59   Thumb Code   414  stm32f4xx_hal_can.o(.text.HAL_CAN_ConfigFilter)
    HAL_CAN_ErrorCallback                    0x08000cf9   Thumb Code     8  stm32f4xx_hal_can.o(.text.HAL_CAN_ErrorCallback)
    HAL_CAN_GetRxMessage                     0x08000d01   Thumb Code   530  stm32f4xx_hal_can.o(.text.HAL_CAN_GetRxMessage)
    HAL_CAN_GetTxMailboxesFreeLevel          0x08000f15   Thumb Code   112  stm32f4xx_hal_can.o(.text.HAL_CAN_GetTxMailboxesFreeLevel)
    HAL_CAN_IRQHandler                       0x08000f85   Thumb Code  1010  stm32f4xx_hal_can.o(.text.HAL_CAN_IRQHandler)
    HAL_CAN_Init                             0x08001379   Thumb Code   478  stm32f4xx_hal_can.o(.text.HAL_CAN_Init)
    HAL_CAN_MspInit                          0x08001559   Thumb Code   424  stm32f4xx_hal_msp.o(.text.HAL_CAN_MspInit)
    HAL_CAN_RxFifo0FullCallback              0x08001701   Thumb Code     8  stm32f4xx_hal_can.o(.text.HAL_CAN_RxFifo0FullCallback)
    HAL_CAN_RxFifo0MsgPendingCallback        0x08001709   Thumb Code   124  bsp_can.o(.text.HAL_CAN_RxFifo0MsgPendingCallback)
    HAL_CAN_RxFifo1FullCallback              0x08001785   Thumb Code     8  stm32f4xx_hal_can.o(.text.HAL_CAN_RxFifo1FullCallback)
    HAL_CAN_RxFifo1MsgPendingCallback        0x0800178d   Thumb Code     8  stm32f4xx_hal_can.o(.text.HAL_CAN_RxFifo1MsgPendingCallback)
    HAL_CAN_SleepCallback                    0x08001795   Thumb Code     8  stm32f4xx_hal_can.o(.text.HAL_CAN_SleepCallback)
    HAL_CAN_Start                            0x0800179d   Thumb Code   138  stm32f4xx_hal_can.o(.text.HAL_CAN_Start)
    HAL_CAN_TxMailbox0AbortCallback          0x08001829   Thumb Code     8  stm32f4xx_hal_can.o(.text.HAL_CAN_TxMailbox0AbortCallback)
    HAL_CAN_TxMailbox0CompleteCallback       0x08001831   Thumb Code     8  stm32f4xx_hal_can.o(.text.HAL_CAN_TxMailbox0CompleteCallback)
    HAL_CAN_TxMailbox1AbortCallback          0x08001839   Thumb Code     8  stm32f4xx_hal_can.o(.text.HAL_CAN_TxMailbox1AbortCallback)
    HAL_CAN_TxMailbox1CompleteCallback       0x08001841   Thumb Code     8  stm32f4xx_hal_can.o(.text.HAL_CAN_TxMailbox1CompleteCallback)
    HAL_CAN_TxMailbox2AbortCallback          0x08001849   Thumb Code     8  stm32f4xx_hal_can.o(.text.HAL_CAN_TxMailbox2AbortCallback)
    HAL_CAN_TxMailbox2CompleteCallback       0x08001851   Thumb Code     8  stm32f4xx_hal_can.o(.text.HAL_CAN_TxMailbox2CompleteCallback)
    HAL_CAN_WakeUpFromRxMsgCallback          0x08001859   Thumb Code     8  stm32f4xx_hal_can.o(.text.HAL_CAN_WakeUpFromRxMsgCallback)
    HAL_DMA_Abort                            0x08001861   Thumb Code   236  stm32f4xx_hal_dma.o(.text.HAL_DMA_Abort)
    HAL_DMA_Abort_IT                         0x0800194d   Thumb Code    68  stm32f4xx_hal_dma.o(.text.HAL_DMA_Abort_IT)
    HAL_DMA_IRQHandler                       0x08001991   Thumb Code   798  stm32f4xx_hal_dma.o(.text.HAL_DMA_IRQHandler)
    HAL_DMA_Init                             0x08001cb1   Thumb Code   366  stm32f4xx_hal_dma.o(.text.HAL_DMA_Init)
    HAL_GPIO_Init                            0x08001e21   Thumb Code   950  stm32f4xx_hal_gpio.o(.text.HAL_GPIO_Init)
    HAL_GPIO_WritePin                        0x080021d9   Thumb Code    46  stm32f4xx_hal_gpio.o(.text.HAL_GPIO_WritePin)
    HAL_GetTick                              0x08002209   Thumb Code    12  stm32f4xx_hal.o(.text.HAL_GetTick)
    HAL_IncTick                              0x08002215   Thumb Code    26  stm32f4xx_hal.o(.text.HAL_IncTick)
    HAL_Init                                 0x08002231   Thumb Code    60  stm32f4xx_hal.o(.text.HAL_Init)
    HAL_InitTick                             0x0800226d   Thumb Code   112  stm32f4xx_hal.o(.text.HAL_InitTick)
    HAL_MspInit                              0x080022dd   Thumb Code    74  stm32f4xx_hal_msp.o(.text.HAL_MspInit)
    HAL_NVIC_EnableIRQ                       0x08002329   Thumb Code    20  stm32f4xx_hal_cortex.o(.text.HAL_NVIC_EnableIRQ)
    HAL_NVIC_SetPriority                     0x0800233d   Thumb Code    50  stm32f4xx_hal_cortex.o(.text.HAL_NVIC_SetPriority)
    HAL_NVIC_SetPriorityGrouping             0x08002371   Thumb Code    16  stm32f4xx_hal_cortex.o(.text.HAL_NVIC_SetPriorityGrouping)
    HAL_RCC_ClockConfig                      0x08002381   Thumb Code   610  stm32f4xx_hal_rcc.o(.text.HAL_RCC_ClockConfig)
    HAL_RCC_GetHCLKFreq                      0x080025e5   Thumb Code    12  stm32f4xx_hal_rcc.o(.text.HAL_RCC_GetHCLKFreq)
    HAL_RCC_GetPCLK1Freq                     0x080025f1   Thumb Code    34  stm32f4xx_hal_rcc.o(.text.HAL_RCC_GetPCLK1Freq)
    HAL_RCC_GetPCLK2Freq                     0x08002615   Thumb Code    34  stm32f4xx_hal_rcc.o(.text.HAL_RCC_GetPCLK2Freq)
    HAL_RCC_GetSysClockFreq                  0x08002639   Thumb Code   230  stm32f4xx_hal_rcc.o(.text.HAL_RCC_GetSysClockFreq)
    HAL_RCC_OscConfig                        0x08002721   Thumb Code  1726  stm32f4xx_hal_rcc.o(.text.HAL_RCC_OscConfig)
    HAL_SYSTICK_CLKSourceConfig              0x08002de1   Thumb Code    52  stm32f4xx_hal_cortex.o(.text.HAL_SYSTICK_CLKSourceConfig)
    HAL_SYSTICK_Config                       0x08002e15   Thumb Code    16  stm32f4xx_hal_cortex.o(.text.HAL_SYSTICK_Config)
    HAL_TIMEx_ConfigBreakDeadTime            0x08002e25   Thumb Code   178  stm32f4xx_hal_tim_ex.o(.text.HAL_TIMEx_ConfigBreakDeadTime)
    HAL_TIMEx_MasterConfigSynchronization    0x08002ed9   Thumb Code   290  stm32f4xx_hal_tim_ex.o(.text.HAL_TIMEx_MasterConfigSynchronization)
    HAL_TIM_Base_Init                        0x08002ffd   Thumb Code   156  stm32f4xx_hal_tim.o(.text.HAL_TIM_Base_Init)
    HAL_TIM_Base_MspInit                     0x08003099   Thumb Code   116  stm32f4xx_hal_msp.o(.text.HAL_TIM_Base_MspInit)
    HAL_TIM_ConfigClockSource                0x0800310d   Thumb Code   388  stm32f4xx_hal_tim.o(.text.HAL_TIM_ConfigClockSource)
    HAL_TIM_MspPostInit                      0x08003291   Thumb Code   274  stm32f4xx_hal_msp.o(.text.HAL_TIM_MspPostInit)
    HAL_TIM_PWM_ConfigChannel                0x080033a5   Thumb Code   322  stm32f4xx_hal_tim.o(.text.HAL_TIM_PWM_ConfigChannel)
    HAL_TIM_PWM_Init                         0x080034e9   Thumb Code   156  stm32f4xx_hal_tim.o(.text.HAL_TIM_PWM_Init)
    HAL_TIM_PWM_MspInit                      0x08003585   Thumb Code     8  stm32f4xx_hal_tim.o(.text.HAL_TIM_PWM_MspInit)
    HAL_TIM_PWM_Start                        0x0800358d   Thumb Code   458  stm32f4xx_hal_tim.o(.text.HAL_TIM_PWM_Start)
    HAL_UARTEx_RxEventCallback               0x08003759   Thumb Code    12  bsp_usart.o(.text.HAL_UARTEx_RxEventCallback)
    HAL_UART_ErrorCallback                   0x08003765   Thumb Code     8  stm32f4xx_hal_uart.o(.text.HAL_UART_ErrorCallback)
    HAL_UART_IRQHandler                      0x0800376d   Thumb Code  1116  stm32f4xx_hal_uart.o(.text.HAL_UART_IRQHandler)
    HAL_UART_Init                            0x08003bc9   Thumb Code   158  stm32f4xx_hal_uart.o(.text.HAL_UART_Init)
    HAL_UART_MspInit                         0x08003c69   Thumb Code   342  stm32f4xx_hal_msp.o(.text.HAL_UART_MspInit)
    HAL_UART_Receive_IT                      0x08003dc1   Thumb Code    86  stm32f4xx_hal_uart.o(.text.HAL_UART_Receive_IT)
    HAL_UART_RxCpltCallback                  0x08003e19   Thumb Code    74  bsp_usart.o(.text.HAL_UART_RxCpltCallback)
    HAL_UART_TxCpltCallback                  0x08003e65   Thumb Code     8  bsp_usart.o(.text.HAL_UART_TxCpltCallback)
    HardFault_Handler                        0x08003e6d   Thumb Code     4  stm32f4xx_it.o(.text.HardFault_Handler)
    MemManage_Handler                        0x08003e71   Thumb Code     4  stm32f4xx_it.o(.text.MemManage_Handler)
    NMI_Handler                              0x08003e75   Thumb Code     4  stm32f4xx_it.o(.text.NMI_Handler)
    PendSV_Handler                           0x08003ee5   Thumb Code     2  stm32f4xx_it.o(.text.PendSV_Handler)
    SVC_Handler                              0x08003ee9   Thumb Code     2  stm32f4xx_it.o(.text.SVC_Handler)
    SysTick_Handler                          0x08003f41   Thumb Code    52  main.o(.text.SysTick_Handler)
    SystemInit                               0x08003f75   Thumb Code    18  system_stm32f4xx.o(.text.SystemInit)
    TIM_Base_SetConfig                       0x08003f89   Thumb Code   420  stm32f4xx_hal_tim.o(.text.TIM_Base_SetConfig)
    TIM_CCxChannelCmd                        0x0800412d   Thumb Code    54  stm32f4xx_hal_tim.o(.text.TIM_CCxChannelCmd)
    TIM_ETR_SetConfig                        0x08004165   Thumb Code    52  stm32f4xx_hal_tim.o(.text.TIM_ETR_SetConfig)
    TIM_OC2_SetConfig                        0x080042b1   Thumb Code   244  stm32f4xx_hal_tim.o(.text.TIM_OC2_SetConfig)
    UART_Start_Receive_IT                    0x0800495d   Thumb Code    98  stm32f4xx_hal_uart.o(.text.UART_Start_Receive_IT)
    USART6_IRQHandler                        0x08004a55   Thumb Code    16  bsp_usart.o(.text.USART6_IRQHandler)
    UsageFault_Handler                       0x08004a65   Thumb Code     4  stm32f4xx_it.o(.text.UsageFault_Handler)
    LED_ALL_ON()                             0x08004a7d   Thumb Code    54  led.o(.text._Z10LED_ALL_ONv)
    USART_Init()                             0x08004ab5   Thumb Code     8  bsp_usart.o(.text._Z10USART_Initv)
    USART6_Init()                            0x08004abd   Thumb Code    26  bsp_usart.o(.text._Z11USART6_Initv)
    CAN_Transmit(CAN_HandleTypeDef*, unsigned int, unsigned char*, unsigned short) 0x08004ad9   Thumb Code    60  bsp_can.o(.text._Z12CAN_TransmitP17CAN_HandleTypeDefjPht)
    PWM_SetPeriod(TIM_HandleTypeDef*, float) 0x08004b15   Thumb Code    94  bsp_tim.o(.text._Z13PWM_SetPeriodP17TIM_HandleTypeDeff)
    EnableSystickIT()                        0x08004b75   Thumb Code    84  main.o(.text._Z15EnableSystickITv)
    PWM_SetDutyRatio(TIM_HandleTypeDef*, float, unsigned int) 0x08004bc9   Thumb Code   300  bsp_tim.o(.text._Z16PWM_SetDutyRatioP17TIM_HandleTypeDeffj)
    SystemClock_Config()                     0x08004cf9   Thumb Code   188  main.o(.text._Z18SystemClock_Configv)
    Get_CRC16_Check_Sum(unsigned char const*, unsigned int, unsigned short) 0x08004db5   Thumb Code   102  crc.o(.text._Z19Get_CRC16_Check_SumPKhjt)
    Verify_CRC16_Check_Sum(unsigned char const*, unsigned int) 0x08004e1d   Thumb Code   118  crc.o(.text._Z22Verify_CRC16_Check_SumPKhj)
    abs[abi:nn190000](float)                 0x08004e95   Thumb Code    18  pid.o(.text._Z3absB8nn190000f)
    CAN_Init()                               0x08004ea9   Thumb Code   100  bsp_can.o(.text._Z8CAN_Initv)
    bsp_init()                               0x08004f0d   Thumb Code    16  bsp.o(.text._Z8bsp_initv)
    GPIO_Init()                              0x08004f1d   Thumb Code    86  bsp_gpio.o(.text._Z9GPIO_Initv)
    PWM_Start(TIM_HandleTypeDef*, unsigned int) 0x08004f75   Thumb Code    20  bsp_tim.o(.text._Z9PWM_StartP17TIM_HandleTypeDefj)
    KalmanFilter::SetQ(float)                0x0800580d   Thumb Code    18  kalmanfilter.o(.text._ZN12KalmanFilter4SetQEf)
    KalmanFilter::SetR(float)                0x08005821   Thumb Code    18  kalmanfilter.o(.text._ZN12KalmanFilter4SetREf)
    KalmanFilter::Clear()                    0x08005835   Thumb Code    48  kalmanfilter.o(.text._ZN12KalmanFilter5ClearEv)
    KalmanFilter::Update(float)              0x08005865   Thumb Code   110  kalmanfilter.o(.text._ZN12KalmanFilter6UpdateEf)
    KalmanFilter::KalmanFilter()             0x080058d5   Thumb Code    48  kalmanfilter.o(.text._ZN12KalmanFilterC2Ev)
    KalmanFilter::KalmanFilter__sub_object() 0x080058d5   Thumb Code    48  kalmanfilter.o(.text._ZN12KalmanFilterC2Ev)
    StateMachine::StateMachine__sub_object() 0x08005905   Thumb Code    22  main.o(.text._ZN12StateMachineC2Ev)
    SteeringGear::Init()                     0x0800591d   Thumb Code   112  steeringgear.o(.text._ZN12SteeringGear4InitEv)
    SteeringGear::Instance()                 0x0800598d   Thumb Code    10  main.o(.text._ZN12SteeringGear8InstanceEv)
    SteeringGear::SetAngle(int, int)         0x08005999   Thumb Code   260  steeringgear.o(.text._ZN12SteeringGear8SetAngleEii)
    DJIMotorHandler::registerMotor(DJIMotor*, CAN_HandleTypeDef*, unsigned short) 0x08005aa1   Thumb Code   286  djimotorhandler.o(.text._ZN15DJIMotorHandler13registerMotorEP8DJIMotorP17CAN_HandleTypeDeft)
    DJIMotorHandler::updateFeedback(CAN_HandleTypeDef*, unsigned char*, int) 0x08005bc1   Thumb Code   118  djimotorhandler.o(.text._ZN15DJIMotorHandler14updateFeedbackEP17CAN_HandleTypeDefPhi)
    DJIMotorHandler::sendControlData()       0x08005c39   Thumb Code   646  djimotorhandler.o(.text._ZN15DJIMotorHandler15sendControlDataEv)
    DJIMotorHandler::UpdateSensorData(DJIMotor*, unsigned char*) 0x08005ec1   Thumb Code   492  djimotorhandler.o(.text._ZN15DJIMotorHandler16UpdateSensorDataEP8DJIMotorPh)
    DJIMotorHandler::Instance()              0x080060f1   Thumb Code   102  main.o(.text._ZN15DJIMotorHandler8InstanceEv)
    DJIMotorHandler::DJIMotorHandler()       0x08006159   Thumb Code   246  djimotorhandler.o(.text._ZN15DJIMotorHandlerC2Ev)
    DJIMotorHandler::DJIMotorHandler__sub_object() 0x08006159   Thumb Code   246  djimotorhandler.o(.text._ZN15DJIMotorHandlerC2Ev)
    DJIMotorHandler::~DJIMotorHandler()      0x08006251   Thumb Code    10  djimotorhandler.o(.text._ZN15DJIMotorHandlerD2Ev)
    DJIMotorHandler::~DJIMotorHandler__sub_object() 0x08006251   Thumb Code    10  djimotorhandler.o(.text._ZN15DJIMotorHandlerD2Ev)
    ChassisController::HandleInput()         0x0800625d   Thumb Code   396  chassiscontroller.o(.text._ZN17ChassisController11HandleInputEv)
    ChassisController::Kinematic_Inverse_Resolution(M2006**) 0x080063f1   Thumb Code   328  chassiscontroller.o(.text._ZN17ChassisController28Kinematic_Inverse_ResolutionEPP5M2006)
    ChassisController::Run()                 0x08006545   Thumb Code   140  chassiscontroller.o(.text._ZN17ChassisController3RunEv)
    ChassisController::Init()                0x080065d1   Thumb Code   762  chassiscontroller.o(.text._ZN17ChassisController4InitEv)
    ChassisController::Instance()            0x080068cd   Thumb Code   102  main.o(.text._ZN17ChassisController8InstanceEv)
    ChassisController::ChassisController__sub_object() 0x08006935   Thumb Code   230  main.o(.text._ZN17ChassisControllerC2Ev)
    ChassisController::~ChassisController__sub_object() 0x08006a1d   Thumb Code    70  main.o(.text._ZN17ChassisControllerD2Ev)
    PID::UpdateResult()                      0x08006a65   Thumb Code   602  pid.o(.text._ZN3PID12UpdateResultEv)
    PID::Clear()                             0x08006cc1   Thumb Code    48  pid.o(.text._ZN3PID5ClearEv)
    PID::PID()                               0x08006cf1   Thumb Code    50  pid.o(.text._ZN3PIDC2Ev)
    PID::PID__sub_object()                   0x08006cf1   Thumb Code    50  pid.o(.text._ZN3PIDC2Ev)
    Math::FloatConstrain(float, float, float) 0x08006d25   Thumb Code   108  math.o(.text._ZN4Math14FloatConstrainEfff)
    Math::LimitABS(float, float)             0x08006d91   Thumb Code    90  math.o(.text._ZN4Math8LimitABSEff)
    M2006::AliveCheck()                      0x08006ded   Thumb Code    54  m2006.o(.text._ZN5M200610AliveCheckEv)
    M2006::BlockedCheck()                    0x08006e25   Thumb Code    52  m2006.o(.text._ZN5M200612BlockedCheckEv)
    M2006::setOutput()                       0x08006e5d   Thumb Code   228  m2006.o(.text._ZN5M20069setOutputEv)
    M2006::M2006()                           0x08006f41   Thumb Code   132  m2006.o(.text._ZN5M2006C2Ev)
    M2006::M2006__sub_object()               0x08006f41   Thumb Code   132  m2006.o(.text._ZN5M2006C2Ev)
    M2006::~M2006()                          0x08006fc5   Thumb Code    10  m2006.o(.text._ZN5M2006D2Ev)
    M2006::~M2006__sub_object()              0x08006fc5   Thumb Code    10  m2006.o(.text._ZN5M2006D2Ev)
    DJIMotor::DJIMotor__sub_object()         0x08006fd1   Thumb Code   140  gm6020.o(.text._ZN8DJIMotorC2Ev)
    MaixComm::Init()                         0x0800705d   Thumb Code    26  maixcomm.o(.text._ZN8MaixComm4InitEv)
    MaixComm::Update()                       0x08007079   Thumb Code    56  maixcomm.o(.text._ZN8MaixComm6UpdateEv)
    MaixComm::Instance()                     0x080070b1   Thumb Code    10  main.o(.text._ZN8MaixComm8InstanceEv)
    std::__2::__math::fabs[abi:nn190000](float) 0x080070bd   Thumb Code    18  pid.o(.text._ZNSt3__26__math4fabsB8nn190000Ef)
    std::__2::__math::isnan[abi:nn190000](float) 0x080070d1   Thumb Code    26  chassiscontroller.o(.text._ZNSt3__26__math5isnanB8nn190000Ef)
    std::__2::__math::round[abi:nn190000](float) 0x080070ed   Thumb Code    38  chassiscontroller.o(.text._ZNSt3__26__math5roundB8nn190000Ef)
    __cxa_pure_virtual                       0x080071d5   Thumb Code     8  cxa_virtual.cpp.o(.text.__cxa_pure_virtual)
    abort_message                            0x0800724b   Thumb Code     4  abort_message.cpp.o(.text.abort_message)
    arm_cos_f32                              0x08007251   Thumb Code   152  arm_cos_f32.o(.text.arm_cos_f32)
    main                                     0x080072e9   Thumb Code   104  main.o(.text.main)
    __cxa_guard_acquire                      0x08007351   Thumb Code    44  cxa_guard.cpp.o(.text.unlikely.__cxa_guard_acquire)
    __cxa_guard_release                      0x0800737d   Thumb Code     8  cxa_guard.cpp.o(.text.unlikely.__cxa_guard_release)
    __hardfp_round                           0x08007389   Thumb Code   194  round.o(i.__hardfp_round)
    __aeabi_d2f                              0x08007469   Thumb Code     0  d2f.o(x$fpl$d2f)
    _d2f                                     0x08007469   Thumb Code    98  d2f.o(x$fpl$d2f)
    __aeabi_dadd                             0x080074cd   Thumb Code     0  daddsub_clz.o(x$fpl$dadd)
    _dadd                                    0x080074cd   Thumb Code   332  daddsub_clz.o(x$fpl$dadd)
    __fpl_dcmp_Inf                           0x0800761d   Thumb Code    24  dcmpi.o(x$fpl$dcmpinf)
    __aeabi_cdcmpeq                          0x08007635   Thumb Code     0  deqf.o(x$fpl$deqf)
    _dcmpeq                                  0x08007635   Thumb Code   120  deqf.o(x$fpl$deqf)
    __aeabi_cdcmpge                          0x080076ad   Thumb Code     0  dgeqf.o(x$fpl$dgeqf)
    _dcmpge                                  0x080076ad   Thumb Code   120  dgeqf.o(x$fpl$dgeqf)
    __aeabi_cdcmple                          0x08007725   Thumb Code     0  dleqf.o(x$fpl$dleqf)
    _dcmple                                  0x08007725   Thumb Code   120  dleqf.o(x$fpl$dleqf)
    __fpl_dcmple_InfNaN                      0x08007787   Thumb Code     0  dleqf.o(x$fpl$dleqf)
    __aeabi_dmul                             0x0800779d   Thumb Code     0  dmul.o(x$fpl$dmul)
    _dmul                                    0x0800779d   Thumb Code   332  dmul.o(x$fpl$dmul)
    __fpl_dnaninf                            0x080078f1   Thumb Code   156  dnaninf.o(x$fpl$dnaninf)
    __fpl_dretinf                            0x0800798d   Thumb Code    12  dretinf.o(x$fpl$dretinf)
    __aeabi_cdrcmple                         0x08007999   Thumb Code     0  drleqf.o(x$fpl$drleqf)
    _drcmple                                 0x08007999   Thumb Code   108  drleqf.o(x$fpl$drleqf)
    _drnd                                    0x08007a05   Thumb Code   180  drnd.o(x$fpl$drnd)
    __aeabi_dsub                             0x08007ab9   Thumb Code     0  daddsub_clz.o(x$fpl$dsub)
    _dsub                                    0x08007ab9   Thumb Code   472  daddsub_clz.o(x$fpl$dsub)
    __aeabi_f2d                              0x08007c95   Thumb Code     0  f2d.o(x$fpl$f2d)
    _f2d                                     0x08007c95   Thumb Code    86  f2d.o(x$fpl$f2d)
    __aeabi_dcmpeq                           0x08007ceb   Thumb Code     0  dcmp.o(x$fpl$fcmp)
    _deq                                     0x08007ceb   Thumb Code    14  dcmp.o(x$fpl$fcmp)
    _dneq                                    0x08007cf9   Thumb Code    14  dcmp.o(x$fpl$fcmp)
    __aeabi_dcmpgt                           0x08007d07   Thumb Code     0  dcmp.o(x$fpl$fcmp)
    _dgr                                     0x08007d07   Thumb Code    14  dcmp.o(x$fpl$fcmp)
    __aeabi_dcmpge                           0x08007d15   Thumb Code     0  dcmp.o(x$fpl$fcmp)
    _dgeq                                    0x08007d15   Thumb Code    14  dcmp.o(x$fpl$fcmp)
    __aeabi_dcmple                           0x08007d23   Thumb Code     0  dcmp.o(x$fpl$fcmp)
    _dleq                                    0x08007d23   Thumb Code    14  dcmp.o(x$fpl$fcmp)
    __aeabi_dcmplt                           0x08007d31   Thumb Code     0  dcmp.o(x$fpl$fcmp)
    _dls                                     0x08007d31   Thumb Code    14  dcmp.o(x$fpl$fcmp)
    __fpl_fnaninf                            0x08007d3f   Thumb Code   140  fnaninf.o(x$fpl$fnaninf)
    _fp_init                                 0x08007dcb   Thumb Code    26  fpinit.o(x$fpl$fpinit)
    __fplib_config_fpu_vfp                   0x08007de3   Thumb Code     0  fpinit.o(x$fpl$fpinit)
    __fplib_config_pureend_doubles           0x08007de3   Thumb Code     0  fpinit.o(x$fpl$fpinit)
    __fpl_fretinf                            0x08007de5   Thumb Code    10  fretinf.o(x$fpl$fretinf)
    AHBPrescTable                            0x08007dee   Data          16  system_stm32f4xx.o(.rodata.AHBPrescTable)
    __I$use$fp                               0x08007dee   Number         0  usenofp.o(x$fpl$usenofp)
    APBPrescTable                            0x08007dfe   Data           8  system_stm32f4xx.o(.rodata.APBPrescTable)
    vtable for StateMachine                  0x08008010   Data          20  main.o(.rodata._ZTV12StateMachine)
    vtable for ChassisController             0x08008024   Data          20  chassiscontroller.o(.rodata._ZTV17ChassisController)
    vtable for M2006                         0x08008038   Data          20  m2006.o(.rodata._ZTV5M2006)
    vtable for DJIMotor                      0x0800804c   Data          20  gm6020.o(.rodata._ZTV8DJIMotor)
    sinTable_f32                             0x08008060   Data        2052  arm_common_tables.o(.rodata.sinTable_f32)
    Region$$Table$$Base                      0x080088f8   Number         0  anon$$obj.o(Region$$Table)
    Region$$Table$$Limit                     0x08008918   Number         0  anon$$obj.o(Region$$Table)
    SHT$$INIT_ARRAY$$Base                    0x08008918   Number         0  main.o(.init_array)
    SHT$$INIT_ARRAY$$Limit                   0x0800891c   Number         0  init_aeabi.o(.init_array)
    K_Q                                      0x20000000   Data           4  chassiscontroller.o(.data.K_Q)
    K_R                                      0x20000004   Data           4  chassiscontroller.o(.data.K_R)
    SystemCoreClock                          0x20000008   Data           4  system_stm32f4xx.o(.data.SystemCoreClock)
    VKp                                      0x2000000c   Data           4  chassiscontroller.o(.data.VKp)
    max_delta                                0x20000010   Data           4  pid.o(.data.max_delta)
    uwTickFreq                               0x20000014   Data           1  stm32f4xx_hal.o(.data.uwTickFreq)
    uwTickPrio                               0x20000018   Data           4  stm32f4xx_hal.o(.data.uwTickPrio)
    __libspace_start                         0x20000020   Data          96  libspace.o(.bss)
    DJImotorHandler                          0x20000080   Data           4  main.o(.bss.DJImotorHandler)
    __temporary_stack_top$libspace           0x20000080   Data           0  libspace.o(.bss)
    UART6RxBuffer                            0x20000088   Data          12  bsp_usart.o(.bss.UART6RxBuffer)
    guard variable for DJIMotorHandler::Instance()::instance 0x20000094   Data           4  chassiscontroller.o(.bss._ZGVZN15DJIMotorHandler8InstanceEvE8instance)
    guard variable for ChassisController::Instance()::instance 0x20000098   Data           4  main.o(.bss._ZGVZN17ChassisController8InstanceEvE8instance)
    SteeringGear::Instance()::instance       0x2000009c   Data           1  chassiscontroller.o(.bss._ZZN12SteeringGear8InstanceEvE8instance)
    DJIMotorHandler::Instance()::instance    0x200000a0   Data         260  chassiscontroller.o(.bss._ZZN15DJIMotorHandler8InstanceEvE8instance)
    ChassisController::Instance()::instance  0x200001a8   Data        1860  main.o(.bss._ZZN17ChassisController8InstanceEvE8instance)
    MaixComm::Instance()::instance           0x200008ec   Data          24  chassiscontroller.o(.bss._ZZN8MaixComm8InstanceEvE8instance)
    chassisController                        0x20000904   Data           4  main.o(.bss.chassisController)
    debug_lf_spd_fdb                         0x20000908   Data           4  chassiscontroller.o(.bss.debug_lf_spd_fdb)
    debug_lf_spd_set                         0x2000090c   Data           4  chassiscontroller.o(.bss.debug_lf_spd_set)
    debug_lr_spd_fdb                         0x20000910   Data           4  chassiscontroller.o(.bss.debug_lr_spd_fdb)
    debug_lr_spd_set                         0x20000914   Data           4  chassiscontroller.o(.bss.debug_lr_spd_set)
    debug_rf_spd_fdb                         0x20000918   Data           4  chassiscontroller.o(.bss.debug_rf_spd_fdb)
    debug_rf_spd_set                         0x2000091c   Data           4  chassiscontroller.o(.bss.debug_rf_spd_set)
    debug_rr_spd_fdb                         0x20000920   Data           4  chassiscontroller.o(.bss.debug_rr_spd_fdb)
    debug_rr_spd_set                         0x20000924   Data           4  chassiscontroller.o(.bss.debug_rr_spd_set)
    hcan1                                    0x20000928   Data          40  main.o(.bss.hcan1)
    hcan2                                    0x20000950   Data          40  main.o(.bss.hcan2)
    hdma_usart6_rx                           0x20000978   Data          96  main.o(.bss.hdma_usart6_rx)
    hdma_usart6_tx                           0x200009d8   Data          96  main.o(.bss.hdma_usart6_tx)
    htim1                                    0x20000a38   Data          72  main.o(.bss.htim1)
    htim8                                    0x20000a80   Data          72  main.o(.bss.htim8)
    huart6                                   0x20000ac8   Data          72  main.o(.bss.huart6)
    maixcomm                                 0x20000b10   Data           4  main.o(.bss.maixcomm)
    steeringgear                             0x20000b14   Data           4  main.o(.bss.steeringgear)
    tempspeed                                0x20000b18   Data          16  chassiscontroller.o(.bss.tempspeed)
    uwTick                                   0x20000b28   Data           4  stm32f4xx_hal.o(.bss.uwTick)



==============================================================================

Memory Map of the image

  Image Entry point : 0x08000189

  Load Region LR_IROM1 (Base: 0x08000000, Size: 0x00008940, Max: 0x00100000, ABSOLUTE)

    Execution Region ER_IROM1 (Exec base: 0x08000000, Load base: 0x08000000, Size: 0x0000891c, Max: 0x00100000, ABSOLUTE)

    Exec Addr    Load Addr    Size         Type   Attr      Idx    E Section Name        Object

    0x08000000   0x08000000   0x00000188   Data   RO            3    RESET               startup_stm32f407xx.o
    0x08000188   0x08000188   0x00000008   Code   RO         1784  * !!!main             c_w.l(__main.o)
    0x08000190   0x08000190   0x0000005c   Code   RO         2153    !!!scatter          c_w.l(__scatter.o)
    0x080001ec   0x080001ec   0x0000001a   Code   RO         2157    !!handler_copy      c_w.l(__scatter_copy.o)
    0x08000206   0x08000206   0x00000002   PAD
    0x08000208   0x08000208   0x00000002   Code   RO         2154    !!handler_null      c_w.l(__scatter.o)
    0x0800020a   0x0800020a   0x00000002   PAD
    0x0800020c   0x0800020c   0x0000001c   Code   RO         2159    !!handler_zi        c_w.l(__scatter_zi.o)
    0x08000228   0x08000228   0x00000002   Code   RO         2093    .ARM.Collect$$libinit$$00000000  c_w.l(libinit.o)
    0x0800022a   0x0800022a   0x00000004   Code   RO         1893    .ARM.Collect$$libinit$$00000001  c_w.l(libinit2.o)
    0x0800022e   0x0800022e   0x00000000   Code   RO         1896    .ARM.Collect$$libinit$$00000004  c_w.l(libinit2.o)
    0x0800022e   0x0800022e   0x00000000   Code   RO         1898    .ARM.Collect$$libinit$$00000006  c_w.l(libinit2.o)
    0x0800022e   0x0800022e   0x00000008   Code   RO         1899    .ARM.Collect$$libinit$$00000007  c_w.l(libinit2.o)
    0x08000236   0x08000236   0x00000000   Code   RO         1901    .ARM.Collect$$libinit$$0000000C  c_w.l(libinit2.o)
    0x08000236   0x08000236   0x00000000   Code   RO         1903    .ARM.Collect$$libinit$$0000000E  c_w.l(libinit2.o)
    0x08000236   0x08000236   0x00000000   Code   RO         1905    .ARM.Collect$$libinit$$00000010  c_w.l(libinit2.o)
    0x08000236   0x08000236   0x00000000   Code   RO         1908    .ARM.Collect$$libinit$$00000013  c_w.l(libinit2.o)
    0x08000236   0x08000236   0x00000000   Code   RO         1910    .ARM.Collect$$libinit$$00000015  c_w.l(libinit2.o)
    0x08000236   0x08000236   0x00000000   Code   RO         1912    .ARM.Collect$$libinit$$00000017  c_w.l(libinit2.o)
    0x08000236   0x08000236   0x00000000   Code   RO         1914    .ARM.Collect$$libinit$$00000019  c_w.l(libinit2.o)
    0x08000236   0x08000236   0x00000000   Code   RO         1916    .ARM.Collect$$libinit$$0000001B  c_w.l(libinit2.o)
    0x08000236   0x08000236   0x00000000   Code   RO         1918    .ARM.Collect$$libinit$$0000001D  c_w.l(libinit2.o)
    0x08000236   0x08000236   0x00000000   Code   RO         1920    .ARM.Collect$$libinit$$0000001F  c_w.l(libinit2.o)
    0x08000236   0x08000236   0x00000000   Code   RO         1922    .ARM.Collect$$libinit$$00000021  c_w.l(libinit2.o)
    0x08000236   0x08000236   0x00000000   Code   RO         1924    .ARM.Collect$$libinit$$00000023  c_w.l(libinit2.o)
    0x08000236   0x08000236   0x00000000   Code   RO         1926    .ARM.Collect$$libinit$$00000025  c_w.l(libinit2.o)
    0x08000236   0x08000236   0x00000000   Code   RO         1928    .ARM.Collect$$libinit$$00000027  c_w.l(libinit2.o)
    0x08000236   0x08000236   0x00000000   Code   RO         1932    .ARM.Collect$$libinit$$0000002E  c_w.l(libinit2.o)
    0x08000236   0x08000236   0x00000000   Code   RO         1934    .ARM.Collect$$libinit$$00000030  c_w.l(libinit2.o)
    0x08000236   0x08000236   0x00000000   Code   RO         1936    .ARM.Collect$$libinit$$00000032  c_w.l(libinit2.o)
    0x08000236   0x08000236   0x00000004   Code   RO         1937    .ARM.Collect$$libinit$$00000033  c_w.l(libinit2.o)
    0x0800023a   0x0800023a   0x00000000   Code   RO         1938    .ARM.Collect$$libinit$$00000034  c_w.l(libinit2.o)
    0x0800023a   0x0800023a   0x00000002   Code   RO         1939    .ARM.Collect$$libinit$$00000035  c_w.l(libinit2.o)
    0x0800023c   0x0800023c   0x00000002   Code   RO         2151    .ARM.Collect$$libshutdown$$00000000  c_w.l(libshutdown.o)
    0x0800023e   0x0800023e   0x00000006   Code   RO         2094    .ARM.Collect$$libshutdown$$00000001  c_w.l(libshutdown2.o)
    0x08000244   0x08000244   0x00000000   Code   RO         2095    .ARM.Collect$$libshutdown$$00000002  c_w.l(libshutdown2.o)
    0x08000244   0x08000244   0x00000000   Code   RO         2097    .ARM.Collect$$libshutdown$$00000004  c_w.l(libshutdown2.o)
    0x08000244   0x08000244   0x00000000   Code   RO         2100    .ARM.Collect$$libshutdown$$00000007  c_w.l(libshutdown2.o)
    0x08000244   0x08000244   0x00000000   Code   RO         2103    .ARM.Collect$$libshutdown$$0000000A  c_w.l(libshutdown2.o)
    0x08000244   0x08000244   0x00000000   Code   RO         2105    .ARM.Collect$$libshutdown$$0000000C  c_w.l(libshutdown2.o)
    0x08000244   0x08000244   0x00000000   Code   RO         2108    .ARM.Collect$$libshutdown$$0000000F  c_w.l(libshutdown2.o)
    0x08000244   0x08000244   0x00000002   Code   RO         2109    .ARM.Collect$$libshutdown$$00000010  c_w.l(libshutdown2.o)
    0x08000246   0x08000246   0x00000000   Code   RO         1849    .ARM.Collect$$rtentry$$00000000  c_w.l(__rtentry.o)
    0x08000246   0x08000246   0x00000000   Code   RO         2005    .ARM.Collect$$rtentry$$00000002  c_w.l(__rtentry2.o)
    0x08000246   0x08000246   0x00000006   Code   RO         2017    .ARM.Collect$$rtentry$$00000004  c_w.l(__rtentry4.o)
    0x0800024c   0x0800024c   0x00000000   Code   RO         2007    .ARM.Collect$$rtentry$$00000009  c_w.l(__rtentry2.o)
    0x0800024c   0x0800024c   0x00000004   Code   RO         2008    .ARM.Collect$$rtentry$$0000000A  c_w.l(__rtentry2.o)
    0x08000250   0x08000250   0x00000000   Code   RO         2010    .ARM.Collect$$rtentry$$0000000C  c_w.l(__rtentry2.o)
    0x08000250   0x08000250   0x00000008   Code   RO         2011    .ARM.Collect$$rtentry$$0000000D  c_w.l(__rtentry2.o)
    0x08000258   0x08000258   0x00000002   Code   RO         2110    .ARM.Collect$$rtexit$$00000000  c_w.l(rtexit.o)
    0x0800025a   0x0800025a   0x00000000   Code   RO         2129    .ARM.Collect$$rtexit$$00000002  c_w.l(rtexit2.o)
    0x0800025a   0x0800025a   0x00000004   Code   RO         2130    .ARM.Collect$$rtexit$$00000003  c_w.l(rtexit2.o)
    0x0800025e   0x0800025e   0x00000006   Code   RO         2131    .ARM.Collect$$rtexit$$00000004  c_w.l(rtexit2.o)
    0x08000264   0x08000264   0x00000040   Code   RO            4    .text               startup_stm32f407xx.o
    0x080002a4   0x080002a4   0x0000005e   Code   RO         1714    .text               c_w.l(h1_alloc.o)
    0x08000302   0x08000302   0x000000f0   Code   RO         1768    .text               c_w.l(lludivv7m.o)
    0x080003f2   0x080003f2   0x0000000a   Code   RO         1773    .text               c_w.l(cxa_atexit.o)
    0x080003fc   0x080003fc   0x00000064   Code   RO         1778    .text               c_w.l(rt_memcpy_w.o)
    0x08000460   0x08000460   0x0000004e   Code   RO         1780    .text               c_w.l(rt_memclr_w.o)
    0x080004ae   0x080004ae   0x00000006   Code   RO         1782    .text               c_w.l(heapauxi.o)
    0x080004b4   0x080004b4   0x0000002c   Code   RO         1789    .text               c_w.l(init_aeabi.o)
    0x080004e0   0x080004e0   0x00000008   Code   RO         1857    .text               c_w.l(rt_heap_descriptor_intlibspace.o)
    0x080004e8   0x080004e8   0x00000004   Code   RO         1859    .text               c_w.l(hguard.o)
    0x080004ec   0x080004ec   0x0000008a   Code   RO         1861    .text               c_w.l(init_alloc.o)
    0x08000576   0x08000576   0x0000000c   Code   RO         1867    .text               c_w.l(h1_init.o)
    0x08000582   0x08000582   0x0000004e   Code   RO         1869    .text               c_w.l(h1_free.o)
    0x080005d0   0x080005d0   0x0000002e   Code   RO         1888    .text               c_w.l(aeabi_atexit.o)
    0x080005fe   0x080005fe   0x00000002   PAD
    0x08000600   0x08000600   0x00000008   Code   RO         2001    .text               c_w.l(libspace.o)
    0x08000608   0x08000608   0x00000008   Code   RO         2024    .text               c_w.l(rt_ddtor_pointer_addr_intlibspace.o)
    0x08000610   0x08000610   0x00000000   Code   RO         2033    .text               c_w.l(maybetermalloc1.o)
    0x08000610   0x08000610   0x00000034   Code   RO         2035    .text               c_w.l(h1_extend.o)
    0x08000644   0x08000644   0x00000016   Code   RO         2039    .text               c_w.l(abort.o)
    0x0800065a   0x0800065a   0x00000042   Code   RO         2041    .text               c_w.l(cxa_finalize.o)
    0x0800069c   0x0800069c   0x0000000e   Code   RO         2044    .text               c_w.l(defsig_rtmem_outer.o)
    0x080006aa   0x080006aa   0x00000002   PAD
    0x080006ac   0x080006ac   0x0000000c   Code   RO         2057    .text               c_w.l(sys_exit.o)
    0x080006b8   0x080006b8   0x00000002   Code   RO         2061    .text               c_w.l(use_no_semi.o)
    0x080006ba   0x080006ba   0x00000000   Code   RO         2063    .text               c_w.l(indicate_semi.o)
    0x080006ba   0x080006ba   0x0000004a   Code   RO         2064    .text               c_w.l(sys_stackheap_outer.o)
    0x08000704   0x08000704   0x00000012   Code   RO         2070    .text               c_w.l(exit.o)
    0x08000716   0x08000716   0x0000000a   Code   RO         2072    .text               c_w.l(defsig_exit.o)
    0x08000720   0x08000720   0x0000000e   Code   RO         2074    .text               c_w.l(defsig_abrt_outer.o)
    0x0800072e   0x0800072e   0x00000002   PAD
    0x08000730   0x08000730   0x00000050   Code   RO         2082    .text               c_w.l(defsig_rtmem_inner.o)
    0x08000780   0x08000780   0x00000032   Code   RO         2118    .text               c_w.l(defsig_general.o)
    0x080007b2   0x080007b2   0x00000002   PAD
    0x080007b4   0x080007b4   0x00000030   Code   RO         2120    .text               c_w.l(defsig_abrt_inner.o)
    0x080007e4   0x080007e4   0x0000000e   Code   RO         2124    .text               c_w.l(sys_wrch.o)
    0x080007f2   0x080007f2   0x00000002   PAD
    0x080007f4   0x080007f4   0x00000004   Code   RO           92    .text.BusFault_Handler  stm32f4xx_it.o
    0x080007f8   0x080007f8   0x00000010   Code   RO          104    .text.CAN1_RX0_IRQHandler  stm32f4xx_it.o
    0x08000808   0x08000808   0x00000010   Code   RO          102    .text.CAN1_TX_IRQHandler  stm32f4xx_it.o
    0x08000818   0x08000818   0x00000010   Code   RO          110    .text.CAN2_RX0_IRQHandler  stm32f4xx_it.o
    0x08000828   0x08000828   0x00000010   Code   RO          108    .text.CAN2_TX_IRQHandler  stm32f4xx_it.o
    0x08000838   0x08000838   0x00000010   Code   RO          106    .text.DMA2_Stream1_IRQHandler  stm32f4xx_it.o
    0x08000848   0x08000848   0x00000010   Code   RO          112    .text.DMA2_Stream6_IRQHandler  stm32f4xx_it.o
    0x08000858   0x08000858   0x00000056   Code   RO          402    .text.DMA_CalcBaseAndBitshift  stm32f4xx_hal_dma.o
    0x080008ae   0x080008ae   0x00000002   PAD
    0x080008b0   0x080008b0   0x000000f0   Code   RO          400    .text.DMA_CheckFifoParam  stm32f4xx_hal_dma.o
    0x080009a0   0x080009a0   0x00000002   Code   RO           98    .text.DebugMon_Handler  stm32f4xx_it.o
    0x080009a2   0x080009a2   0x00000002   PAD
    0x080009a4   0x080009a4   0x00000006   Code   RO           41    .text.Error_Handler  main.o
    0x080009aa   0x080009aa   0x00000002   PAD
    0x080009ac   0x080009ac   0x00000052   Code   RO          179    .text.HAL_CAN_ActivateNotification  stm32f4xx_hal_can.o
    0x080009fe   0x080009fe   0x00000002   PAD
    0x08000a00   0x08000a00   0x00000156   Code   RO          165    .text.HAL_CAN_AddTxMessage  stm32f4xx_hal_can.o
    0x08000b56   0x08000b56   0x00000002   PAD
    0x08000b58   0x08000b58   0x0000019e   Code   RO          155    .text.HAL_CAN_ConfigFilter  stm32f4xx_hal_can.o
    0x08000cf6   0x08000cf6   0x00000002   PAD
    0x08000cf8   0x08000cf8   0x00000008   Code   RO          209    .text.HAL_CAN_ErrorCallback  stm32f4xx_hal_can.o
    0x08000d00   0x08000d00   0x00000212   Code   RO          175    .text.HAL_CAN_GetRxMessage  stm32f4xx_hal_can.o
    0x08000f12   0x08000f12   0x00000002   PAD
    0x08000f14   0x08000f14   0x00000070   Code   RO          169    .text.HAL_CAN_GetTxMailboxesFreeLevel  stm32f4xx_hal_can.o
    0x08000f84   0x08000f84   0x000003f2   Code   RO          183    .text.HAL_CAN_IRQHandler  stm32f4xx_hal_can.o
    0x08001376   0x08001376   0x00000002   PAD
    0x08001378   0x08001378   0x000001de   Code   RO          145    .text.HAL_CAN_Init  stm32f4xx_hal_can.o
    0x08001556   0x08001556   0x00000002   PAD
    0x08001558   0x08001558   0x000001a8   Code   RO          123    .text.HAL_CAN_MspInit  stm32f4xx_hal_msp.o
    0x08001700   0x08001700   0x00000008   Code   RO          197    .text.HAL_CAN_RxFifo0FullCallback  stm32f4xx_hal_can.o
    0x08001708   0x08001708   0x0000007c   Code   RO         1168    .text.HAL_CAN_RxFifo0MsgPendingCallback  bsp_can.o
    0x08001784   0x08001784   0x00000008   Code   RO          201    .text.HAL_CAN_RxFifo1FullCallback  stm32f4xx_hal_can.o
    0x0800178c   0x0800178c   0x00000008   Code   RO          203    .text.HAL_CAN_RxFifo1MsgPendingCallback  stm32f4xx_hal_can.o
    0x08001794   0x08001794   0x00000008   Code   RO          205    .text.HAL_CAN_SleepCallback  stm32f4xx_hal_can.o
    0x0800179c   0x0800179c   0x0000008a   Code   RO          157    .text.HAL_CAN_Start  stm32f4xx_hal_can.o
    0x08001826   0x08001826   0x00000002   PAD
    0x08001828   0x08001828   0x00000008   Code   RO          187    .text.HAL_CAN_TxMailbox0AbortCallback  stm32f4xx_hal_can.o
    0x08001830   0x08001830   0x00000008   Code   RO          185    .text.HAL_CAN_TxMailbox0CompleteCallback  stm32f4xx_hal_can.o
    0x08001838   0x08001838   0x00000008   Code   RO          191    .text.HAL_CAN_TxMailbox1AbortCallback  stm32f4xx_hal_can.o
    0x08001840   0x08001840   0x00000008   Code   RO          189    .text.HAL_CAN_TxMailbox1CompleteCallback  stm32f4xx_hal_can.o
    0x08001848   0x08001848   0x00000008   Code   RO          195    .text.HAL_CAN_TxMailbox2AbortCallback  stm32f4xx_hal_can.o
    0x08001850   0x08001850   0x00000008   Code   RO          193    .text.HAL_CAN_TxMailbox2CompleteCallback  stm32f4xx_hal_can.o
    0x08001858   0x08001858   0x00000008   Code   RO          207    .text.HAL_CAN_WakeUpFromRxMsgCallback  stm32f4xx_hal_can.o
    0x08001860   0x08001860   0x000000ec   Code   RO          412    .text.HAL_DMA_Abort  stm32f4xx_hal_dma.o
    0x0800194c   0x0800194c   0x00000044   Code   RO          414    .text.HAL_DMA_Abort_IT  stm32f4xx_hal_dma.o
    0x08001990   0x08001990   0x0000031e   Code   RO          418    .text.HAL_DMA_IRQHandler  stm32f4xx_hal_dma.o
    0x08001cae   0x08001cae   0x00000002   PAD
    0x08001cb0   0x08001cb0   0x0000016e   Code   RO          398    .text.HAL_DMA_Init  stm32f4xx_hal_dma.o
    0x08001e1e   0x08001e1e   0x00000002   PAD
    0x08001e20   0x08001e20   0x000003b6   Code   RO          360    .text.HAL_GPIO_Init  stm32f4xx_hal_gpio.o
    0x080021d6   0x080021d6   0x00000002   PAD
    0x080021d8   0x080021d8   0x0000002e   Code   RO          366    .text.HAL_GPIO_WritePin  stm32f4xx_hal_gpio.o
    0x08002206   0x08002206   0x00000002   PAD
    0x08002208   0x08002208   0x0000000c   Code   RO          585    .text.HAL_GetTick   stm32f4xx_hal.o
    0x08002214   0x08002214   0x0000001a   Code   RO          583    .text.HAL_IncTick   stm32f4xx_hal.o
    0x0800222e   0x0800222e   0x00000002   PAD
    0x08002230   0x08002230   0x0000003c   Code   RO          573    .text.HAL_Init      stm32f4xx_hal.o
    0x0800226c   0x0800226c   0x00000070   Code   RO          575    .text.HAL_InitTick  stm32f4xx_hal.o
    0x080022dc   0x080022dc   0x0000004a   Code   RO          121    .text.HAL_MspInit   stm32f4xx_hal_msp.o
    0x08002326   0x08002326   0x00000002   PAD
    0x08002328   0x08002328   0x00000014   Code   RO          508    .text.HAL_NVIC_EnableIRQ  stm32f4xx_hal_cortex.o
    0x0800233c   0x0800233c   0x00000032   Code   RO          500    .text.HAL_NVIC_SetPriority  stm32f4xx_hal_cortex.o
    0x0800236e   0x0800236e   0x00000002   PAD
    0x08002370   0x08002370   0x00000010   Code   RO          496    .text.HAL_NVIC_SetPriorityGrouping  stm32f4xx_hal_cortex.o
    0x08002380   0x08002380   0x00000262   Code   RO          228    .text.HAL_RCC_ClockConfig  stm32f4xx_hal_rcc.o
    0x080025e2   0x080025e2   0x00000002   PAD
    0x080025e4   0x080025e4   0x0000000c   Code   RO          238    .text.HAL_RCC_GetHCLKFreq  stm32f4xx_hal_rcc.o
    0x080025f0   0x080025f0   0x00000022   Code   RO          240    .text.HAL_RCC_GetPCLK1Freq  stm32f4xx_hal_rcc.o
    0x08002612   0x08002612   0x00000002   PAD
    0x08002614   0x08002614   0x00000022   Code   RO          242    .text.HAL_RCC_GetPCLK2Freq  stm32f4xx_hal_rcc.o
    0x08002636   0x08002636   0x00000002   PAD
    0x08002638   0x08002638   0x000000e6   Code   RO          230    .text.HAL_RCC_GetSysClockFreq  stm32f4xx_hal_rcc.o
    0x0800271e   0x0800271e   0x00000002   PAD
    0x08002720   0x08002720   0x000006be   Code   RO          226    .text.HAL_RCC_OscConfig  stm32f4xx_hal_rcc.o
    0x08002dde   0x08002dde   0x00000002   PAD
    0x08002de0   0x08002de0   0x00000034   Code   RO          560    .text.HAL_SYSTICK_CLKSourceConfig  stm32f4xx_hal_cortex.o
    0x08002e14   0x08002e14   0x00000010   Code   RO          520    .text.HAL_SYSTICK_Config  stm32f4xx_hal_cortex.o
    0x08002e24   0x08002e24   0x000000b2   Code   RO          988    .text.HAL_TIMEx_ConfigBreakDeadTime  stm32f4xx_hal_tim_ex.o
    0x08002ed6   0x08002ed6   0x00000002   PAD
    0x08002ed8   0x08002ed8   0x00000122   Code   RO          986    .text.HAL_TIMEx_MasterConfigSynchronization  stm32f4xx_hal_tim_ex.o
    0x08002ffa   0x08002ffa   0x00000002   PAD
    0x08002ffc   0x08002ffc   0x0000009c   Code   RO          673    .text.HAL_TIM_Base_Init  stm32f4xx_hal_tim.o
    0x08003098   0x08003098   0x00000074   Code   RO          127    .text.HAL_TIM_Base_MspInit  stm32f4xx_hal_msp.o
    0x0800310c   0x0800310c   0x00000184   Code   RO          865    .text.HAL_TIM_ConfigClockSource  stm32f4xx_hal_tim.o
    0x08003290   0x08003290   0x00000112   Code   RO          129    .text.HAL_TIM_MspPostInit  stm32f4xx_hal_msp.o
    0x080033a2   0x080033a2   0x00000002   PAD
    0x080033a4   0x080033a4   0x00000142   Code   RO          839    .text.HAL_TIM_PWM_ConfigChannel  stm32f4xx_hal_tim.o
    0x080034e6   0x080034e6   0x00000002   PAD
    0x080034e8   0x080034e8   0x0000009c   Code   RO          727    .text.HAL_TIM_PWM_Init  stm32f4xx_hal_tim.o
    0x08003584   0x08003584   0x00000008   Code   RO          729    .text.HAL_TIM_PWM_MspInit  stm32f4xx_hal_tim.o
    0x0800358c   0x0800358c   0x000001ca   Code   RO          735    .text.HAL_TIM_PWM_Start  stm32f4xx_hal_tim.o
    0x08003756   0x08003756   0x00000002   PAD
    0x08003758   0x08003758   0x0000000c   Code   RO         1251    .text.HAL_UARTEx_RxEventCallback  bsp_usart.o
    0x08003764   0x08003764   0x00000008   Code   RO         1099    .text.HAL_UART_ErrorCallback  stm32f4xx_hal_uart.o
    0x0800376c   0x0800376c   0x0000045c   Code   RO         1093    .text.HAL_UART_IRQHandler  stm32f4xx_hal_uart.o
    0x08003bc8   0x08003bc8   0x0000009e   Code   RO         1009    .text.HAL_UART_Init  stm32f4xx_hal_uart.o
    0x08003c66   0x08003c66   0x00000002   PAD
    0x08003c68   0x08003c68   0x00000156   Code   RO          133    .text.HAL_UART_MspInit  stm32f4xx_hal_msp.o
    0x08003dbe   0x08003dbe   0x00000002   PAD
    0x08003dc0   0x08003dc0   0x00000056   Code   RO         1033    .text.HAL_UART_Receive_IT  stm32f4xx_hal_uart.o
    0x08003e16   0x08003e16   0x00000002   PAD
    0x08003e18   0x08003e18   0x0000004a   Code   RO         1247    .text.HAL_UART_RxCpltCallback  bsp_usart.o
    0x08003e62   0x08003e62   0x00000002   PAD
    0x08003e64   0x08003e64   0x00000008   Code   RO         1245    .text.HAL_UART_TxCpltCallback  bsp_usart.o
    0x08003e6c   0x08003e6c   0x00000004   Code   RO           88    .text.HardFault_Handler  stm32f4xx_it.o
    0x08003e70   0x08003e70   0x00000004   Code   RO           90    .text.MemManage_Handler  stm32f4xx_it.o
    0x08003e74   0x08003e74   0x00000004   Code   RO           86    .text.NMI_Handler   stm32f4xx_it.o
    0x08003e78   0x08003e78   0x0000006c   Code   RO          506    .text.NVIC_EncodePriority  stm32f4xx_hal_cortex.o
    0x08003ee4   0x08003ee4   0x00000002   Code   RO          100    .text.PendSV_Handler  stm32f4xx_it.o
    0x08003ee6   0x08003ee6   0x00000002   PAD
    0x08003ee8   0x08003ee8   0x00000002   Code   RO           96    .text.SVC_Handler   stm32f4xx_it.o
    0x08003eea   0x08003eea   0x00000002   PAD
    0x08003eec   0x08003eec   0x00000052   Code   RO          522    .text.SysTick_Config  stm32f4xx_hal_cortex.o
    0x08003f3e   0x08003f3e   0x00000002   PAD
    0x08003f40   0x08003f40   0x00000034   Code   RO           21    .text.SysTick_Handler  main.o
    0x08003f74   0x08003f74   0x00000012   Code   RO         1140    .text.SystemInit    system_stm32f4xx.o
    0x08003f86   0x08003f86   0x00000002   PAD
    0x08003f88   0x08003f88   0x000001a4   Code   RO          677    .text.TIM_Base_SetConfig  stm32f4xx_hal_tim.o
    0x0800412c   0x0800412c   0x00000036   Code   RO          711    .text.TIM_CCxChannelCmd  stm32f4xx_hal_tim.o
    0x08004162   0x08004162   0x00000002   PAD
    0x08004164   0x08004164   0x00000034   Code   RO          863    .text.TIM_ETR_SetConfig  stm32f4xx_hal_tim.o
    0x08004198   0x08004198   0x0000002a   Code   RO          869    .text.TIM_ITRx_SetConfig  stm32f4xx_hal_tim.o
    0x080041c2   0x080041c2   0x00000002   PAD
    0x080041c4   0x080041c4   0x000000ea   Code   RO          821    .text.TIM_OC1_SetConfig  stm32f4xx_hal_tim.o
    0x080042ae   0x080042ae   0x00000002   PAD
    0x080042b0   0x080042b0   0x000000f4   Code   RO          823    .text.TIM_OC2_SetConfig  stm32f4xx_hal_tim.o
    0x080043a4   0x080043a4   0x000000f2   Code   RO          825    .text.TIM_OC3_SetConfig  stm32f4xx_hal_tim.o
    0x08004496   0x08004496   0x00000002   PAD
    0x08004498   0x08004498   0x000000a4   Code   RO          827    .text.TIM_OC4_SetConfig  stm32f4xx_hal_tim.o
    0x0800453c   0x0800453c   0x00000050   Code   RO          867    .text.TIM_TI1_ConfigInputStage  stm32f4xx_hal_tim.o
    0x0800458c   0x0800458c   0x00000052   Code   RO          871    .text.TIM_TI2_ConfigInputStage  stm32f4xx_hal_tim.o
    0x080045de   0x080045de   0x00000002   PAD
    0x080045e0   0x080045e0   0x0000001c   Code   RO         1097    .text.UART_DMAAbortOnError  stm32f4xx_hal_uart.o
    0x080045fc   0x080045fc   0x00000094   Code   RO         1057    .text.UART_EndRxTransfer  stm32f4xx_hal_uart.o
    0x08004690   0x08004690   0x00000026   Code   RO         1105    .text.UART_EndTransmit_IT  stm32f4xx_hal_uart.o
    0x080046b6   0x080046b6   0x00000002   PAD
    0x080046b8   0x080046b8   0x00000168   Code   RO         1095    .text.UART_Receive_IT  stm32f4xx_hal_uart.o
    0x08004820   0x08004820   0x0000013a   Code   RO         1013    .text.UART_SetConfig  stm32f4xx_hal_uart.o
    0x0800495a   0x0800495a   0x00000002   PAD
    0x0800495c   0x0800495c   0x00000062   Code   RO         1035    .text.UART_Start_Receive_IT  stm32f4xx_hal_uart.o
    0x080049be   0x080049be   0x00000002   PAD
    0x080049c0   0x080049c0   0x00000094   Code   RO         1103    .text.UART_Transmit_IT  stm32f4xx_hal_uart.o
    0x08004a54   0x08004a54   0x00000010   Code   RO         1249    .text.USART6_IRQHandler  bsp_usart.o
    0x08004a64   0x08004a64   0x00000004   Code   RO           94    .text.UsageFault_Handler  stm32f4xx_it.o
    0x08004a68   0x08004a68   0x00000014   Code   RO           43    .text._GLOBAL__sub_I_main.cpp  main.o
    0x08004a7c   0x08004a7c   0x00000036   Code   RO         1399    .text._Z10LED_ALL_ONv  led.o
    0x08004ab2   0x08004ab2   0x00000002   PAD
    0x08004ab4   0x08004ab4   0x00000008   Code   RO         1239    .text._Z10USART_Initv  bsp_usart.o
    0x08004abc   0x08004abc   0x0000001a   Code   RO         1241    .text._Z11USART6_Initv  bsp_usart.o
    0x08004ad6   0x08004ad6   0x00000002   PAD
    0x08004ad8   0x08004ad8   0x0000003c   Code   RO         1164    .text._Z12CAN_TransmitP17CAN_HandleTypeDefjPht  bsp_can.o
    0x08004b14   0x08004b14   0x0000005e   Code   RO         1228    .text._Z13PWM_SetPeriodP17TIM_HandleTypeDeff  bsp_tim.o
    0x08004b72   0x08004b72   0x00000002   PAD
    0x08004b74   0x08004b74   0x00000054   Code   RO           19    .text._Z15EnableSystickITv  main.o
    0x08004bc8   0x08004bc8   0x00000130   Code   RO         1230    .text._Z16PWM_SetDutyRatioP17TIM_HandleTypeDeffj  bsp_tim.o
    0x08004cf8   0x08004cf8   0x000000bc   Code   RO           25    .text._Z18SystemClock_Configv  main.o
    0x08004db4   0x08004db4   0x00000066   Code   RO         1432    .text._Z19Get_CRC16_Check_SumPKhjt  crc.o
    0x08004e1a   0x08004e1a   0x00000002   PAD
    0x08004e1c   0x08004e1c   0x00000076   Code   RO         1434    .text._Z22Verify_CRC16_Check_SumPKhj  crc.o
    0x08004e92   0x08004e92   0x00000002   PAD
    0x08004e94   0x08004e94   0x00000012   Code   RO         1579    .text._Z3absB8nn190000f  pid.o
    0x08004ea6   0x08004ea6   0x00000002   PAD
    0x08004ea8   0x08004ea8   0x00000064   Code   RO         1162    .text._Z8CAN_Initv  bsp_can.o
    0x08004f0c   0x08004f0c   0x00000010   Code   RO         1154    .text._Z8bsp_initv  bsp.o
    0x08004f1c   0x08004f1c   0x00000056   Code   RO         1216    .text._Z9GPIO_Initv  bsp_gpio.o
    0x08004f72   0x08004f72   0x00000002   PAD
    0x08004f74   0x08004f74   0x00000014   Code   RO         1224    .text._Z9PWM_StartP17TIM_HandleTypeDefj  bsp_tim.o
    0x08004f88   0x08004f88   0x00000050   Code   RO           29    .text._ZL11MX_DMA_Initv  main.o
    0x08004fd8   0x08004fd8   0x0000004e   Code   RO           31    .text._ZL12MX_CAN1_Initv  main.o
    0x08005026   0x08005026   0x00000002   PAD
    0x08005028   0x08005028   0x0000004e   Code   RO           33    .text._ZL12MX_CAN2_Initv  main.o
    0x08005076   0x08005076   0x00000002   PAD
    0x08005078   0x08005078   0x00000158   Code   RO           27    .text._ZL12MX_GPIO_Initv  main.o
    0x080051d0   0x080051d0   0x0000016a   Code   RO           37    .text._ZL12MX_TIM1_Initv  main.o
    0x0800533a   0x0800533a   0x00000002   PAD
    0x0800533c   0x0800533c   0x00000152   Code   RO           39    .text._ZL12MX_TIM8_Initv  main.o
    0x0800548e   0x0800548e   0x00000002   PAD
    0x08005490   0x08005490   0x000000ac   Code   RO         1564    .text._ZL16f_Integral_LimitP3PID  pid.o
    0x0800553c   0x0800553c   0x00000040   Code   RO           35    .text._ZL19MX_USART6_UART_Initv  main.o
    0x0800557c   0x0800557c   0x00000004   PAD
    0x08005580   0x08005580   0x00000140   Code   RO         1566    .text._ZL19f_PID_BlockedHandleP3PID  pid.o
    0x080056c0   0x080056c0   0x0000004c   Code   RO         1560    .text._ZL21f_Integral_SeparationP3PID  pid.o
    0x0800570c   0x0800570c   0x0000002a   Code   RO         1556    .text._ZL21f_Trapezoid_IntergralP3PID  pid.o
    0x08005736   0x08005736   0x00000002   PAD
    0x08005738   0x08005738   0x000000ae   Code   RO         1562    .text._ZL24f_Changing_Integral_RateP3PID  pid.o
    0x080057e6   0x080057e6   0x00000002   PAD
    0x080057e8   0x080057e8   0x00000022   Code   RO         1558    .text._ZL27f_Derivative_On_MeasurementP3PID  pid.o
    0x0800580a   0x0800580a   0x00000002   PAD
    0x0800580c   0x0800580c   0x00000012   Code   RO         1486    .text._ZN12KalmanFilter4SetQEf  kalmanfilter.o
    0x0800581e   0x0800581e   0x00000002   PAD
    0x08005820   0x08005820   0x00000012   Code   RO         1488    .text._ZN12KalmanFilter4SetREf  kalmanfilter.o
    0x08005832   0x08005832   0x00000002   PAD
    0x08005834   0x08005834   0x00000030   Code   RO         1482    .text._ZN12KalmanFilter5ClearEv  kalmanfilter.o
    0x08005864   0x08005864   0x0000006e   Code   RO         1490    .text._ZN12KalmanFilter6UpdateEf  kalmanfilter.o
    0x080058d2   0x080058d2   0x00000002   PAD
    0x080058d4   0x080058d4   0x00000030   Code   RO         1480    .text._ZN12KalmanFilterC2Ev  kalmanfilter.o
    0x08005904   0x08005904   0x00000016   Code   RO           76    .text._ZN12StateMachineC2Ev  main.o
    0x0800591a   0x0800591a   0x00000002   PAD
    0x0800591c   0x0800591c   0x00000070   Code   RO         1421    .text._ZN12SteeringGear4InitEv  steeringgear.o
    0x0800598c   0x0800598c   0x0000000a   Code   RO           70    .text._ZN12SteeringGear8InstanceEv  main.o
    0x08005996   0x08005996   0x00000002   PAD
    0x08005998   0x08005998   0x00000108   Code   RO         1423    .text._ZN12SteeringGear8SetAngleEii  steeringgear.o
    0x08005aa0   0x08005aa0   0x0000011e   Code   RO         1313    .text._ZN15DJIMotorHandler13registerMotorEP8DJIMotorP17CAN_HandleTypeDeft  djimotorhandler.o
    0x08005bbe   0x08005bbe   0x00000002   PAD
    0x08005bc0   0x08005bc0   0x00000076   Code   RO         1317    .text._ZN15DJIMotorHandler14updateFeedbackEP17CAN_HandleTypeDefPhi  djimotorhandler.o
    0x08005c36   0x08005c36   0x00000002   PAD
    0x08005c38   0x08005c38   0x00000286   Code   RO         1315    .text._ZN15DJIMotorHandler15sendControlDataEv  djimotorhandler.o
    0x08005ebe   0x08005ebe   0x00000002   PAD
    0x08005ec0   0x08005ec0   0x00000230   Code   RO         1319    .text._ZN15DJIMotorHandler16UpdateSensorDataEP8DJIMotorPh  djimotorhandler.o
    0x080060f0   0x080060f0   0x00000066   Code   RO           64    .text._ZN15DJIMotorHandler8InstanceEv  main.o
    0x08006156   0x08006156   0x00000002   PAD
    0x08006158   0x08006158   0x000000f6   Code   RO         1309    .text._ZN15DJIMotorHandlerC2Ev  djimotorhandler.o
    0x0800624e   0x0800624e   0x00000002   PAD
    0x08006250   0x08006250   0x0000000a   Code   RO         1311    .text._ZN15DJIMotorHandlerD2Ev  djimotorhandler.o
    0x0800625a   0x0800625a   0x00000002   PAD
    0x0800625c   0x0800625c   0x00000194   Code   RO         1269    .text._ZN17ChassisController11HandleInputEv  chassiscontroller.o
    0x080063f0   0x080063f0   0x00000154   Code   RO         1267    .text._ZN17ChassisController28Kinematic_Inverse_ResolutionEPP5M2006  chassiscontroller.o
    0x08006544   0x08006544   0x0000008c   Code   RO         1265    .text._ZN17ChassisController3RunEv  chassiscontroller.o
    0x080065d0   0x080065d0   0x000002fa   Code   RO         1263    .text._ZN17ChassisController4InitEv  chassiscontroller.o
    0x080068ca   0x080068ca   0x00000002   PAD
    0x080068cc   0x080068cc   0x00000066   Code   RO           66    .text._ZN17ChassisController8InstanceEv  main.o
    0x08006932   0x08006932   0x00000002   PAD
    0x08006934   0x08006934   0x000000e6   Code   RO           72    .text._ZN17ChassisControllerC2Ev  main.o
    0x08006a1a   0x08006a1a   0x00000002   PAD
    0x08006a1c   0x08006a1c   0x00000046   Code   RO           74    .text._ZN17ChassisControllerD2Ev  main.o
    0x08006a62   0x08006a62   0x00000002   PAD
    0x08006a64   0x08006a64   0x0000025a   Code   RO         1554    .text._ZN3PID12UpdateResultEv  pid.o
    0x08006cbe   0x08006cbe   0x00000002   PAD
    0x08006cc0   0x08006cc0   0x00000030   Code   RO         1568    .text._ZN3PID5ClearEv  pid.o
    0x08006cf0   0x08006cf0   0x00000032   Code   RO         1552    .text._ZN3PIDC2Ev   pid.o
    0x08006d22   0x08006d22   0x00000002   PAD
    0x08006d24   0x08006d24   0x0000006c   Code   RO         1503    .text._ZN4Math14FloatConstrainEfff  math.o
    0x08006d90   0x08006d90   0x0000005a   Code   RO         1505    .text._ZN4Math8LimitABSEff  math.o
    0x08006dea   0x08006dea   0x00000002   PAD
    0x08006dec   0x08006dec   0x00000036   Code   RO         1359    .text._ZN5M200610AliveCheckEv  m2006.o
    0x08006e22   0x08006e22   0x00000002   PAD
    0x08006e24   0x08006e24   0x00000038   Code   RO         1361    .text._ZN5M200612BlockedCheckEv  m2006.o
    0x08006e5c   0x08006e5c   0x000000e4   Code   RO         1357    .text._ZN5M20069setOutputEv  m2006.o
    0x08006f40   0x08006f40   0x00000084   Code   RO         1353    .text._ZN5M2006C2Ev  m2006.o
    0x08006fc4   0x08006fc4   0x0000000a   Code   RO         1355    .text._ZN5M2006D2Ev  m2006.o
    0x08006fce   0x08006fce   0x00000002   PAD
    0x08006fd0   0x08006fd0   0x0000008c   Code   RO         1349    .text._ZN8DJIMotorC2Ev  gm6020.o
    0x0800705c   0x0800705c   0x0000001a   Code   RO         1410    .text._ZN8MaixComm4InitEv  maixcomm.o
    0x08007076   0x08007076   0x00000002   PAD
    0x08007078   0x08007078   0x00000038   Code   RO         1412    .text._ZN8MaixComm6UpdateEv  maixcomm.o
    0x080070b0   0x080070b0   0x0000000a   Code   RO           68    .text._ZN8MaixComm8InstanceEv  main.o
    0x080070ba   0x080070ba   0x00000002   PAD
    0x080070bc   0x080070bc   0x00000012   Code   RO         1577    .text._ZNSt3__26__math4fabsB8nn190000Ef  pid.o
    0x080070ce   0x080070ce   0x00000002   PAD
    0x080070d0   0x080070d0   0x0000001a   Code   RO         1300    .text._ZNSt3__26__math5isnanB8nn190000Ef  chassiscontroller.o
    0x080070ea   0x080070ea   0x00000002   PAD
    0x080070ec   0x080070ec   0x00000026   Code   RO         1302    .text._ZNSt3__26__math5roundB8nn190000Ef  chassiscontroller.o
    0x08007112   0x08007112   0x00000002   PAD
    0x08007114   0x08007114   0x00000030   Code   RO          510    .text.__NVIC_EnableIRQ  stm32f4xx_hal_cortex.o
    0x08007144   0x08007144   0x00000010   Code   RO          502    .text.__NVIC_GetPriorityGrouping  stm32f4xx_hal_cortex.o
    0x08007154   0x08007154   0x00000042   Code   RO          504    .text.__NVIC_SetPriority  stm32f4xx_hal_cortex.o
    0x08007196   0x08007196   0x00000002   PAD
    0x08007198   0x08007198   0x0000003c   Code   RO          498    .text.__NVIC_SetPriorityGrouping  stm32f4xx_hal_cortex.o
    0x080071d4   0x080071d4   0x00000028   Code   RO         1820    .text.__cxa_pure_virtual  libcppabi_w.l(cxa_virtual.cpp.o)
    0x080071fc   0x080071fc   0x00000012   Code   RO           11    .text.__cxx_global_var_init  main.o
    0x0800720e   0x0800720e   0x00000002   PAD
    0x08007210   0x08007210   0x00000012   Code   RO           13    .text.__cxx_global_var_init.1  main.o
    0x08007222   0x08007222   0x00000002   PAD
    0x08007224   0x08007224   0x00000012   Code   RO           15    .text.__cxx_global_var_init.2  main.o
    0x08007236   0x08007236   0x00000002   PAD
    0x08007238   0x08007238   0x00000012   Code   RO           17    .text.__cxx_global_var_init.3  main.o
    0x0800724a   0x0800724a   0x00000004   Code   RO         1972    .text.abort_message  libcppabi_w.l(abort_message.cpp.o)
    0x0800724e   0x0800724e   0x00000002   PAD
    0x08007250   0x08007250   0x00000098   Code   RO         1582    .text.arm_cos_f32   arm_cortexM4lf_math.lib(arm_cos_f32.o)
    0x080072e8   0x080072e8   0x00000068   Code   RO           23    .text.main          main.o
    0x08007350   0x08007350   0x0000002c   Code   RO         1811    .text.unlikely.__cxa_guard_acquire  libcppabi_w.l(cxa_guard.cpp.o)
    0x0800737c   0x0800737c   0x00000008   Code   RO         1813    .text.unlikely.__cxa_guard_release  libcppabi_w.l(cxa_guard.cpp.o)
    0x08007384   0x08007384   0x00000004   PAD
    0x08007388   0x08007388   0x000000e0   Code   RO         1843    i.__hardfp_round    m_wm.l(round.o)
    0x08007468   0x08007468   0x00000062   Code   RO         1792    x$fpl$d2f           fz_wm.l(d2f.o)
    0x080074ca   0x080074ca   0x00000002   PAD
    0x080074cc   0x080074cc   0x00000150   Code   RO         1944    x$fpl$dadd          fz_wm.l(daddsub_clz.o)
    0x0800761c   0x0800761c   0x00000018   Code   RO         2053    x$fpl$dcmpinf       fz_wm.l(dcmpi.o)
    0x08007634   0x08007634   0x00000078   Code   RO         1950    x$fpl$deqf          fz_wm.l(deqf.o)
    0x080076ac   0x080076ac   0x00000078   Code   RO         1952    x$fpl$dgeqf         fz_wm.l(dgeqf.o)
    0x08007724   0x08007724   0x00000078   Code   RO         1954    x$fpl$dleqf         fz_wm.l(dleqf.o)
    0x0800779c   0x0800779c   0x00000154   Code   RO         1806    x$fpl$dmul          fz_wm.l(dmul.o)
    0x080078f0   0x080078f0   0x0000009c   Code   RO         1956    x$fpl$dnaninf       fz_wm.l(dnaninf.o)
    0x0800798c   0x0800798c   0x0000000c   Code   RO         1958    x$fpl$dretinf       fz_wm.l(dretinf.o)
    0x08007998   0x08007998   0x0000006c   Code   RO         1960    x$fpl$drleqf        fz_wm.l(drleqf.o)
    0x08007a04   0x08007a04   0x000000b4   Code   RO         1962    x$fpl$drnd          fz_wm.l(drnd.o)
    0x08007ab8   0x08007ab8   0x000001dc   Code   RO         1946    x$fpl$dsub          fz_wm.l(daddsub_clz.o)
    0x08007c94   0x08007c94   0x00000056   Code   RO         1808    x$fpl$f2d           fz_wm.l(f2d.o)
    0x08007cea   0x08007cea   0x00000054   Code   RO         1794    x$fpl$fcmp          fz_wm.l(dcmp.o)
    0x08007d3e   0x08007d3e   0x0000008c   Code   RO         1964    x$fpl$fnaninf       fz_wm.l(fnaninf.o)
    0x08007dca   0x08007dca   0x0000001a   Code   RO         2055    x$fpl$fpinit        fz_wm.l(fpinit.o)
    0x08007de4   0x08007de4   0x0000000a   Code   RO         1968    x$fpl$fretinf       fz_wm.l(fretinf.o)
    0x08007dee   0x08007dee   0x00000000   Code   RO         1970    x$fpl$usenofp       fz_wm.l(usenofp.o)
    0x08007dee   0x08007dee   0x00000010   Data   RO         1145    .rodata.AHBPrescTable  system_stm32f4xx.o
    0x08007dfe   0x08007dfe   0x00000008   Data   RO         1146    .rodata.APBPrescTable  system_stm32f4xx.o
    0x08007e06   0x08007e06   0x00000008   Data   RO          428    .rodata.DMA_CalcBaseAndBitshift.flagBitshiftOffset  stm32f4xx_hal_dma.o
    0x08007e0e   0x08007e0e   0x00000200   Data   RO         1444    .rodata._ZL13W_CRC16_TABLE  crc.o
    0x0800800e   0x0800800e   0x00000002   PAD
    0x08008010   0x08008010   0x00000014   Data   RO           82    .rodata._ZTV12StateMachine  main.o
    0x08008024   0x08008024   0x00000014   Data   RO         1293    .rodata._ZTV17ChassisController  chassiscontroller.o
    0x08008038   0x08008038   0x00000014   Data   RO         1363    .rodata._ZTV5M2006  m2006.o
    0x0800804c   0x0800804c   0x00000014   Data   RO         1351    .rodata._ZTV8DJIMotor  gm6020.o
    0x08008060   0x08008060   0x00000804   Data   RO         1703    .rodata.sinTable_f32  arm_cortexM4lf_math.lib(arm_common_tables.o)
    0x08008864   0x08008864   0x00000093   Data   RO         1817    .rodata.str1.1      libcppabi_w.l(cxa_guard.cpp.o)
    0x080088f7   0x080088f7   0x00000001   PAD
    0x080088f8   0x080088f8   0x00000020   Data   RO         2152    Region$$Table       anon$$obj.o
    0x08008918   0x08008918   0x00000004   Data   RO           56    .init_array         main.o
    0x0800891c   0x08008918   0x00000000   Data   RO         1787    .init_array         c_w.l(init_aeabi.o)


    Execution Region RW_IRAM1 (Exec base: 0x20000000, Load base: 0x08008920, Size: 0x00001130, Max: 0x0001c000, ABSOLUTE)

    Exec Addr    Load Addr    Size         Type   Attr      Idx    E Section Name        Object

    0x20000000   0x08008920   0x00000004   Data   RW         1271    .data.K_Q           chassiscontroller.o
    0x20000004   0x08008924   0x00000004   Data   RW         1272    .data.K_R           chassiscontroller.o
    0x20000008   0x08008928   0x00000004   Data   RW         1144    .data.SystemCoreClock  system_stm32f4xx.o
    0x2000000c   0x0800892c   0x00000004   Data   RW         1276    .data.VKp           chassiscontroller.o
    0x20000010   0x08008930   0x00000004   Data   RW         1570    .data.max_delta     pid.o
    0x20000014   0x08008934   0x00000001   Data   RW          628    .data.uwTickFreq    stm32f4xx_hal.o
    0x20000015   0x08008935   0x00000003   PAD
    0x20000018   0x08008938   0x00000004   Data   RW          627    .data.uwTickPrio    stm32f4xx_hal.o
    0x2000001c   0x0800893c   0x00000004   PAD
    0x20000020        -       0x00000060   Zero   RW         2002    .bss                c_w.l(libspace.o)
    0x20000080        -       0x00000004   Zero   RW           52    .bss.DJImotorHandler  main.o
    0x20000084        -       0x00000004   Zero   RW          137    .bss.HAL_RCC_CAN1_CLK_ENABLED  stm32f4xx_hal_msp.o
    0x20000088        -       0x0000000c   Zero   RW         1253    .bss.UART6RxBuffer  bsp_usart.o
    0x20000094        -       0x00000004   Zero   RW         1305    .bss._ZGVZN15DJIMotorHandler8InstanceEvE8instance  chassiscontroller.o
    0x20000098        -       0x00000004   Zero   RW           81    .bss._ZGVZN17ChassisController8InstanceEvE8instance  main.o
    0x2000009c        -       0x00000001   Zero   RW         1306    .bss._ZZN12SteeringGear8InstanceEvE8instance  chassiscontroller.o
    0x2000009d   0x0800893c   0x00000003   PAD
    0x200000a0        -       0x00000104   Zero   RW         1304    .bss._ZZN15DJIMotorHandler8InstanceEvE8instance  chassiscontroller.o
    0x200001a4        -       0x00000001   Zero   RW         1292    .bss._ZZN17ChassisController11HandleInputEvE4test  chassiscontroller.o
    0x200001a5   0x0800893c   0x00000003   PAD
    0x200001a8        -       0x00000744   Zero   RW           80    .bss._ZZN17ChassisController8InstanceEvE8instance  main.o
    0x200008ec        -       0x00000018   Zero   RW         1307    .bss._ZZN8MaixComm8InstanceEvE8instance  chassiscontroller.o
    0x20000904        -       0x00000004   Zero   RW           53    .bss.chassisController  main.o
    0x20000908        -       0x00000004   Zero   RW         1288    .bss.debug_lf_spd_fdb  chassiscontroller.o
    0x2000090c        -       0x00000004   Zero   RW         1287    .bss.debug_lf_spd_set  chassiscontroller.o
    0x20000910        -       0x00000004   Zero   RW         1290    .bss.debug_lr_spd_fdb  chassiscontroller.o
    0x20000914        -       0x00000004   Zero   RW         1289    .bss.debug_lr_spd_set  chassiscontroller.o
    0x20000918        -       0x00000004   Zero   RW         1284    .bss.debug_rf_spd_fdb  chassiscontroller.o
    0x2000091c        -       0x00000004   Zero   RW         1283    .bss.debug_rf_spd_set  chassiscontroller.o
    0x20000920        -       0x00000004   Zero   RW         1286    .bss.debug_rr_spd_fdb  chassiscontroller.o
    0x20000924        -       0x00000004   Zero   RW         1285    .bss.debug_rr_spd_set  chassiscontroller.o
    0x20000928        -       0x00000028   Zero   RW           45    .bss.hcan1          main.o
    0x20000950        -       0x00000028   Zero   RW           46    .bss.hcan2          main.o
    0x20000978        -       0x00000060   Zero   RW           50    .bss.hdma_usart6_rx  main.o
    0x200009d8        -       0x00000060   Zero   RW           51    .bss.hdma_usart6_tx  main.o
    0x20000a38        -       0x00000048   Zero   RW           47    .bss.htim1          main.o
    0x20000a80        -       0x00000048   Zero   RW           48    .bss.htim8          main.o
    0x20000ac8        -       0x00000048   Zero   RW           49    .bss.huart6         main.o
    0x20000b10        -       0x00000004   Zero   RW           54    .bss.maixcomm       main.o
    0x20000b14        -       0x00000004   Zero   RW           55    .bss.steeringgear   main.o
    0x20000b18        -       0x00000010   Zero   RW         1291    .bss.tempspeed      chassiscontroller.o
    0x20000b28        -       0x00000004   Zero   RW          629    .bss.uwTick         stm32f4xx_hal.o
    0x20000b2c   0x0800893c   0x00000004   PAD
    0x20000b30        -       0x00000200   Zero   RW            2    HEAP                startup_stm32f407xx.o
    0x20000d30        -       0x00000400   Zero   RW            1    STACK               startup_stm32f407xx.o


    Execution Region RW_IRAM2 (Exec base: 0x2001c000, Load base: 0x08008940, Size: 0x00000000, Max: 0x00004000, ABSOLUTE)

    **** No section assigned to this execution region ****


==============================================================================

Image component sizes


      Code (inc. data)   RO Data    RW Data    ZI Data      Debug   Object Name

        16          0          0          0          0       3726   bsp.o
       284          0          0          0          0      16889   bsp_can.o
        86          0          0          0          0       1898   bsp_gpio.o
       418          4          0          0          0       4308   bsp_tim.o
       144          0          0          0         12       7075   bsp_usart.o
      1710         20         20         12        338      20793   chassiscontroller.o
       220          0        512          0          0       3332   crc.o
      1866         72          0          0          0      18967   djimotorhandler.o
       140          0         20          0          0      17561   gm6020.o
       242          0          0          0          0      15375   kalmanfilter.o
        54          0          0          0          0       2944   led.o
       480          4         20          0          0      17522   m2006.o
      2416          0         24          0       2368      30697   main.o
        82          0          0          0          0       4581   maixcomm.o
       198          0          0          0          0      19240   math.o
      1554         16          0          4          0      17658   pid.o
        64         26        392          0       1536        848   startup_stm32f407xx.o
       376         12          0          0          0      15840   steeringgear.o
       210          0          0          5          4       7128   stm32f4xx_hal.o
      3202          0          0          0          0      11564   stm32f4xx_hal_can.o
       534          0          0          0          0       9735   stm32f4xx_hal_cortex.o
      1794          8          8          0          0       8513   stm32f4xx_hal_dma.o
       996          0          0          0          0       5109   stm32f4xx_hal_gpio.o
      1230          0          0          0          4      11402   stm32f4xx_hal_msp.o
      2646          0          0          0          0       7613   stm32f4xx_hal_rcc.o
      3102         14          0          0          0      36018   stm32f4xx_hal_tim.o
       468          0          0          0          0      15349   stm32f4xx_hal_tim_ex.o
      2502          0          0          0          0      20444   stm32f4xx_hal_uart.o
       122          0          0          0          0       1512   stm32f4xx_it.o
        18          0         24          4          0       2520   system_stm32f4xx.o

    ----------------------------------------------------------------------
     27350        176       1054         28       4276     356161   Object Totals
         0          0         32          0          0          0   (incl. Generated)
       176          0          2          3         14          0   (incl. Padding)

    ----------------------------------------------------------------------

      Code (inc. data)   RO Data    RW Data    ZI Data      Debug   Library Member Name

         0          0       2052          0          0       6294   arm_common_tables.o
       152         12          0          0          0       1104   arm_cos_f32.o
         8          0          0          0          0         68   __main.o
         0          0          0          0          0          0   __rtentry.o
        12          0          0          0          0          0   __rtentry2.o
         6          0          0          0          0          0   __rtentry4.o
        94          8          0          0          0          0   __scatter.o
        26          0          0          0          0          0   __scatter_copy.o
        28          0          0          0          0          0   __scatter_zi.o
        22          0          0          0          0         80   abort.o
        46          0          0          0          0         84   aeabi_atexit.o
        10          0          0          0          0         68   cxa_atexit.o
        66          0          0          0          0         84   cxa_finalize.o
        48         34          0          0          0         76   defsig_abrt_inner.o
        14          0          0          0          0         80   defsig_abrt_outer.o
        10          0          0          0          0         68   defsig_exit.o
        50          0          0          0          0         88   defsig_general.o
        80         58          0          0          0         76   defsig_rtmem_inner.o
        14          0          0          0          0         80   defsig_rtmem_outer.o
        18          0          0          0          0         80   exit.o
        94          0          0          0          0         80   h1_alloc.o
        52          0          0          0          0         68   h1_extend.o
        78          0          0          0          0         80   h1_free.o
        12          0          0          0          0         84   h1_init.o
         6          0          0          0          0        152   heapauxi.o
         4          0          0          0          0        136   hguard.o
         0          0          0          0          0          0   indicate_semi.o
        44          8          0          0          0         80   init_aeabi.o
       138          0          0          0          0        168   init_alloc.o
         2          0          0          0          0          0   libinit.o
        18          0          0          0          0          0   libinit2.o
         2          0          0          0          0          0   libshutdown.o
         8          0          0          0          0          0   libshutdown2.o
         8          4          0          0         96         68   libspace.o
       240          0          0          0          0        100   lludivv7m.o
         0          0          0          0          0          0   maybetermalloc1.o
         8          4          0          0          0         68   rt_ddtor_pointer_addr_intlibspace.o
         8          4          0          0          0         68   rt_heap_descriptor_intlibspace.o
        78          0          0          0          0         80   rt_memclr_w.o
       100          0          0          0          0         80   rt_memcpy_w.o
         2          0          0          0          0          0   rtexit.o
        10          0          0          0          0          0   rtexit2.o
        12          4          0          0          0         68   sys_exit.o
        74          0          0          0          0         80   sys_stackheap_outer.o
        14          0          0          0          0         76   sys_wrch.o
         2          0          0          0          0         68   use_no_semi.o
        98          4          0          0          0        140   d2f.o
       812         16          0          0          0        392   daddsub_clz.o
        84          0          0          0          0        244   dcmp.o
        24          0          0          0          0        116   dcmpi.o
       120          4          0          0          0        140   deqf.o
       120          4          0          0          0        140   dgeqf.o
       120          4          0          0          0        140   dleqf.o
       340         12          0          0          0        152   dmul.o
       156          4          0          0          0        140   dnaninf.o
        12          0          0          0          0        116   dretinf.o
       108          0          0          0          0        128   drleqf.o
       180          4          0          0          0        128   drnd.o
        86          4          0          0          0        132   f2d.o
       140          4          0          0          0        132   fnaninf.o
        26          0          0          0          0        116   fpinit.o
        10          0          0          0          0        116   fretinf.o
         0          0          0          0          0          0   usenofp.o
         4          0          0          0          0         36   abort_message.cpp.o
        52          0        147          0          0         76   cxa_guard.cpp.o
        40         32          0          0          0         52   cxa_virtual.cpp.o
       224         30          0          0          0        172   round.o

    ----------------------------------------------------------------------
      4496        258       2200          0         96      12742   Library Totals
        22          0          1          0          0          0   (incl. Padding)

    ----------------------------------------------------------------------

      Code (inc. data)   RO Data    RW Data    ZI Data      Debug   Library Name

       152         12       2052          0          0       7398   arm_cortexM4lf_math.lib
      1566        124          0          0         96       2536   c_w.l
      2436         60          0          0          0       2472   fz_wm.l
        96         32        147          0          0        164   libcppabi_w.l
       224         30          0          0          0        172   m_wm.l

    ----------------------------------------------------------------------
      4496        258       2200          0         96      12742   Library Totals

    ----------------------------------------------------------------------

==============================================================================


      Code (inc. data)   RO Data    RW Data    ZI Data      Debug   

     31846        434       3254         28       4372     365347   Grand Totals
     31846        434       3254         28       4372     365347   ELF Image Totals
     31846        434       3254         28          0          0   ROM Totals

==============================================================================

    Total RO  Size (Code + RO Data)                35100 (  34.28kB)
    Total RW  Size (RW Data + ZI Data)              4400 (   4.30kB)
    Total ROM Size (Code + RO Data + RW Data)      35128 (  34.30kB)

==============================================================================

